Archive member included to satisfy reference by file (symbol)

.\CortexM0\ARM_GCC_541\Debug\PSoC 4 Wi-Fi Module Test.a(UART.o)
                              .\CortexM0\ARM_GCC_541\Debug\main.o (UART_Start)
.\CortexM0\ARM_GCC_541\Debug\PSoC 4 Wi-Fi Module Test.a(UART_INT.o)
                              .\CortexM0\ARM_GCC_541\Debug\PSoC 4 Wi-Fi Module Test.a(UART.o) (UART_TXISR)
.\CortexM0\ARM_GCC_541\Debug\PSoC 4 Wi-Fi Module Test.a(RST.o)
                              .\CortexM0\ARM_GCC_541\Debug\Data_and_Func.o (RST_Write)
.\CortexM0\ARM_GCC_541\Debug\PSoC 4 Wi-Fi Module Test.a(Rx_Int.o)
                              .\CortexM0\ARM_GCC_541\Debug\main.o (Rx_Int_StartEx)
.\CortexM0\ARM_GCC_541\Debug\PSoC 4 Wi-Fi Module Test.a(UART_IntClock.o)
                              .\CortexM0\ARM_GCC_541\Debug\PSoC 4 Wi-Fi Module Test.a(UART.o) (UART_IntClock_Start)
.\CortexM0\ARM_GCC_541\Debug\PSoC 4 Wi-Fi Module Test.a(CyLib.o)
                              .\CortexM0\ARM_GCC_541\Debug\cyfitter_cfg.o (CyIntEnable)
.\CortexM0\ARM_GCC_541\Debug\PSoC 4 Wi-Fi Module Test.a(CyLFClk.o)
                              .\CortexM0\ARM_GCC_541\Debug\cyfitter_cfg.o (CySysWdtIsr)
.\CortexM0\ARM_GCC_541\Debug\PSoC 4 Wi-Fi Module Test.a(USB_UART.o)
                              .\CortexM0\ARM_GCC_541\Debug\main.o (USB_UART_Start)
.\CortexM0\ARM_GCC_541\Debug\PSoC 4 Wi-Fi Module Test.a(USB_UART_UART.o)
                              .\CortexM0\ARM_GCC_541\Debug\PSoC 4 Wi-Fi Module Test.a(USB_UART.o) (USB_UART_UartInit)
.\CortexM0\ARM_GCC_541\Debug\PSoC 4 Wi-Fi Module Test.a(CyBootAsmGnu.o)
                              .\CortexM0\ARM_GCC_541\Debug\PSoC 4 Wi-Fi Module Test.a(CyLib.o) (CyDelayCycles)
.\CortexM0\ARM_GCC_541\Debug\PSoC 4 Wi-Fi Module Test.a(USB_UART_SPI_UART.o)
                              .\CortexM0\ARM_GCC_541\Debug\PSoC 4 Wi-Fi Module Test.a(USB_UART_UART.o) (USB_UART_SpiUartReadRxData)
.\CortexM0\ARM_GCC_541\Debug\PSoC 4 Wi-Fi Module Test.a(USB_UART_SPI_UART_INT.o)
                              .\CortexM0\ARM_GCC_541\Debug\PSoC 4 Wi-Fi Module Test.a(USB_UART_UART.o) (USB_UART_SPI_UART_ISR)
c:/program files (x86)/cypress/psoc creator/4.2/psoc creator/import/gnu/arm/5.4.1/bin/../lib/gcc/arm-none-eabi/5.4.1/armv6-m\libgcc.a(_udivsi3.o)
                              .\CortexM0\ARM_GCC_541\Debug\PSoC 4 Wi-Fi Module Test.a(CyLib.o) (__aeabi_uidiv)
c:/program files (x86)/cypress/psoc creator/4.2/psoc creator/import/gnu/arm/5.4.1/bin/../lib/gcc/arm-none-eabi/5.4.1/armv6-m\libgcc.a(_dvmd_tls.o)
                              c:/program files (x86)/cypress/psoc creator/4.2/psoc creator/import/gnu/arm/5.4.1/bin/../lib/gcc/arm-none-eabi/5.4.1/armv6-m\libgcc.a(_udivsi3.o) (__aeabi_idiv0)
c:/program files (x86)/cypress/psoc creator/4.2/psoc creator/import/gnu/arm/5.4.1/bin/../lib/gcc/arm-none-eabi/5.4.1/../../../../arm-none-eabi/lib/armv6-m\libg_nano.a(lib_a-errno.o)
                              .\CortexM0\ARM_GCC_541\Debug\Cm0Start.o (__errno)
c:/program files (x86)/cypress/psoc creator/4.2/psoc creator/import/gnu/arm/5.4.1/bin/../lib/gcc/arm-none-eabi/5.4.1/../../../../arm-none-eabi/lib/armv6-m\libg_nano.a(lib_a-exit.o)
                              c:/program files (x86)/cypress/psoc creator/4.2/psoc creator/import/gnu/arm/5.4.1/bin/../lib/gcc/arm-none-eabi/5.4.1/../../../../arm-none-eabi/lib/armv6-m/crt0.o (exit)
c:/program files (x86)/cypress/psoc creator/4.2/psoc creator/import/gnu/arm/5.4.1/bin/../lib/gcc/arm-none-eabi/5.4.1/../../../../arm-none-eabi/lib/armv6-m\libg_nano.a(lib_a-impure.o)
                              c:/program files (x86)/cypress/psoc creator/4.2/psoc creator/import/gnu/arm/5.4.1/bin/../lib/gcc/arm-none-eabi/5.4.1/../../../../arm-none-eabi/lib/armv6-m\libg_nano.a(lib_a-exit.o) (_global_impure_ptr)
c:/program files (x86)/cypress/psoc creator/4.2/psoc creator/import/gnu/arm/5.4.1/bin/../lib/gcc/arm-none-eabi/5.4.1/../../../../arm-none-eabi/lib/armv6-m\libg_nano.a(lib_a-init.o)
                              c:/program files (x86)/cypress/psoc creator/4.2/psoc creator/import/gnu/arm/5.4.1/bin/../lib/gcc/arm-none-eabi/5.4.1/../../../../arm-none-eabi/lib/armv6-m/crt0.o (__libc_init_array)
c:/program files (x86)/cypress/psoc creator/4.2/psoc creator/import/gnu/arm/5.4.1/bin/../lib/gcc/arm-none-eabi/5.4.1/../../../../arm-none-eabi/lib/armv6-m\libg_nano.a(lib_a-memcpy-stub.o)
                              .\CortexM0\ARM_GCC_541\Debug\cyfitter_cfg.o (memcpy)
c:/program files (x86)/cypress/psoc creator/4.2/psoc creator/import/gnu/arm/5.4.1/bin/../lib/gcc/arm-none-eabi/5.4.1/../../../../arm-none-eabi/lib/armv6-m\libg_nano.a(lib_a-memset.o)
                              c:/program files (x86)/cypress/psoc creator/4.2/psoc creator/import/gnu/arm/5.4.1/bin/../lib/gcc/arm-none-eabi/5.4.1/../../../../arm-none-eabi/lib/armv6-m/crt0.o (memset)
[...]
Memory Configuration

Name             Origin             Length             Attributes
rom              0x00000000         0x00008000         xr
ram              0x20000000         0x00001000         xrw
*default*        0x00000000         0xffffffff

Linker script and memory map

LOAD c:/program files (x86)/cypress/psoc creator/4.2/psoc creator/import/gnu/arm/5.4.1/bin/../lib/gcc/arm-none-eabi/5.4.1/armv6-m/crti.o
LOAD c:/program files (x86)/cypress/psoc creator/4.2/psoc creator/import/gnu/arm/5.4.1/bin/../lib/gcc/arm-none-eabi/5.4.1/armv6-m/crtbegin.o
LOAD c:/program files (x86)/cypress/psoc creator/4.2/psoc creator/import/gnu/arm/5.4.1/bin/../lib/gcc/arm-none-eabi/5.4.1/../../../../arm-none-eabi/lib/armv6-m/crt0.o
START GROUP
LOAD .\CortexM0\ARM_GCC_541\Debug\main.o
LOAD .\CortexM0\ARM_GCC_541\Debug\Data_and_Func.o
LOAD .\CortexM0\ARM_GCC_541\Debug\cyfitter_cfg.o
LOAD .\CortexM0\ARM_GCC_541\Debug\cymetadata.o
LOAD .\CortexM0\ARM_GCC_541\Debug\Cm0Start.o
LOAD .\CortexM0\ARM_GCC_541\Debug\PSoC 4 Wi-Fi Module Test.a
END GROUP
START GROUP
LOAD c:/program files (x86)/cypress/psoc creator/4.2/psoc creator/import/gnu/arm/5.4.1/bin/../lib/gcc/arm-none-eabi/5.4.1/armv6-m\libgcc.a
LOAD c:/program files (x86)/cypress/psoc creator/4.2/psoc creator/import/gnu/arm/5.4.1/bin/../lib/gcc/arm-none-eabi/5.4.1/../../../../arm-none-eabi/lib/armv6-m\libg_nano.a
LOAD c:/program files (x86)/cypress/psoc creator/4.2/psoc creator/import/gnu/arm/5.4.1/bin/../lib/gcc/arm-none-eabi/5.4.1/../../../../arm-none-eabi/lib/armv6-m\libc_nano.a
END GROUP
START GROUP
LOAD c:/program files (x86)/cypress/psoc creator/4.2/psoc creator/import/gnu/arm/5.4.1/bin/../lib/gcc/arm-none-eabi/5.4.1/armv6-m\libgcc.a
LOAD c:/program files (x86)/cypress/psoc creator/4.2/psoc creator/import/gnu/arm/5.4.1/bin/../lib/gcc/arm-none-eabi/5.4.1/../../../../arm-none-eabi/lib/armv6-m\libc_nano.a
END GROUP
LOAD c:/program files (x86)/cypress/psoc creator/4.2/psoc creator/import/gnu/arm/5.4.1/bin/../lib/gcc/arm-none-eabi/5.4.1/armv6-m/crtend.o
LOAD c:/program files (x86)/cypress/psoc creator/4.2/psoc creator/import/gnu/arm/5.4.1/bin/../lib/gcc/arm-none-eabi/5.4.1/armv6-m/crtn.o
START GROUP
LOAD c:/program files (x86)/cypress/psoc creator/4.2/psoc creator/import/gnu/arm/5.4.1/bin/../lib/gcc/arm-none-eabi/5.4.1/armv6-m\libgcc.a
LOAD c:/program files (x86)/cypress/psoc creator/4.2/psoc creator/import/gnu/arm/5.4.1/bin/../lib/gcc/arm-none-eabi/5.4.1/../../../../arm-none-eabi/lib/armv6-m\libc.a
LOAD c:/program files (x86)/cypress/psoc creator/4.2/psoc creator/import/gnu/arm/5.4.1/bin/../lib/gcc/arm-none-eabi/5.4.1/../../../../arm-none-eabi/lib/armv6-m\libnosys.a
END GROUP
                0x00000000                CY_APPL_ORIGIN = 0x0
                0x00000080                CY_FLASH_ROW_SIZE = 0x80
                0x00000001                CY_APPL_NUM = 0x1
                0x00000001                CY_APPL_MAX = 0x1
                0x00000040                CY_METADATA_SIZE = 0x40
                0x00000000                CY_APPL_LOADABLE = 0x0
                0x00000000                CY_CHECKSUM_EXCLUDE_SIZE = ALIGN (0x0, CY_FLASH_ROW_SIZE)
                0x00000000                CY_APP_FOR_STACK_AND_COPIER = 0x0
                [!provide]                PROVIDE (__cy_heap_start, _end)
                0x00000001                PROVIDE (__cy_region_num, ((__cy_regions_end - __cy_regions) / 0x10))
                0x20001000                PROVIDE (__cy_stack, (ORIGIN (ram) + LENGTH (ram)))
                [!provide]                PROVIDE (__cy_heap_end, (__cy_stack - 0x400))

.cybootloader   0x00000000        0x0
 *(.cybootloader)
                0x00000000                appl1_start = CY_APPL_ORIGIN?CY_APPL_ORIGIN:ALIGN (CY_FLASH_ROW_SIZE)
                0x00003f80                appl2_start = (appl1_start + ALIGN ((((LENGTH (rom) - appl1_start) - (0x2 * CY_FLASH_ROW_SIZE)) / 0x2), CY_FLASH_ROW_SIZE))
                0x00000000                appl_start = (CY_APPL_NUM == 0x1)?appl1_start:appl2_start
                0x00000001                cy_project_type_bootloader = (appl_start == 0x0)?0x1:0x0
                0x00000000                cy_project_type_app_for_stack_and_copier = (CY_APP_FOR_STACK_AND_COPIER == 0x1)?0x1:0x0

.text           0x00000000     0x4eec
 CREATE_OBJECT_SYMBOLS
                0x00000000                PROVIDE (__cy_interrupt_vector, RomVectors)
 *(.romvectors)
 .romvectors    0x00000000       0x10 .\CortexM0\ARM_GCC_541\Debug\Cm0Start.o
                0x00000000                RomVectors
                0x00000001                ASSERT ((. != __cy_interrupt_vector), No interrupt vector)
                0x00000001                ASSERT (CY_APPL_ORIGIN?(SIZEOF (.cybootloader) <= CY_APPL_ORIGIN):0x1, Wrong image location)
                0x00000010                PROVIDE (__cy_reset, Reset)
 *(.text.Reset)
 .text.Reset    0x00000010        0x8 .\CortexM0\ARM_GCC_541\Debug\Cm0Start.o
                0x00000010                Reset
                0x00000001                ASSERT ((. != __cy_reset), No reset code)
 *(.psocinit)
 .psocinit      0x00000018      0x20c .\CortexM0\ARM_GCC_541\Debug\cyfitter_cfg.o
                0x000000a8                cyfitter_cfg
                0x00000224                . = MAX (., 0x100)
 *(.text .text.* .gnu.linkonce.t.*)
 .text          0x00000224       0x60 c:/program files (x86)/cypress/psoc creator/4.2/psoc creator/import/gnu/arm/5.4.1/bin/../lib/gcc/arm-none-eabi/5.4.1/armv6-m/crtbegin.o
 .text.InitializeSystem
                0x00000284       0x18 .\CortexM0\ARM_GCC_541\Debug\main.o
                0x00000284                InitializeSystem
 .text.main     0x0000029c       0xd0 .\CortexM0\ARM_GCC_541\Debug\main.o
                0x0000029c                main
 .text.GetChar  0x0000036c       0x40 .\CortexM0\ARM_GCC_541\Debug\Data_and_Func.o
                0x0000036c                GetChar
 .text.WaitText
                0x000003ac       0x34 .\CortexM0\ARM_GCC_541\Debug\Data_and_Func.o
                0x000003ac                WaitText
 .text.connectWiFi
                0x000003e0       0x68 .\CortexM0\ARM_GCC_541\Debug\Data_and_Func.o
                0x000003e0                connectWiFi
 .text.SetServer
                0x00000448       0x34 .\CortexM0\ARM_GCC_541\Debug\Data_and_Func.o
                0x00000448                SetServer
 .text.IP_to_USB
                0x0000047c       0x4c .\CortexM0\ARM_GCC_541\Debug\Data_and_Func.o
                0x0000047c                IP_to_USB
 .text.cfg_write_bytes32
                0x000004c8       0x34 .\CortexM0\ARM_GCC_541\Debug\cyfitter_cfg.o
 .text.CYMEMZERO
                0x000004fc        0xc .\CortexM0\ARM_GCC_541\Debug\cyfitter_cfg.o
 .text.CYCONFIGCPYCODE
                0x00000508        0x8 .\CortexM0\ARM_GCC_541\Debug\cyfitter_cfg.o
 .text.IntDefaultHandler
                0x00000510       0x10 .\CortexM0\ARM_GCC_541\Debug\Cm0Start.o
                0x00000510                IntDefaultHandler
 .text._sbrk    0x00000520       0x34 .\CortexM0\ARM_GCC_541\Debug\Cm0Start.o
                0x00000520                _sbrk
 .text.Start_c  0x00000554       0x48 .\CortexM0\ARM_GCC_541\Debug\Cm0Start.o
                0x00000554                Start_c
 .text.initialize_psoc
                0x0000059c       0x40 .\CortexM0\ARM_GCC_541\Debug\Cm0Start.o
                0x0000059c                initialize_psoc
 .text.UART_Init
                0x000005dc       0x4c .\CortexM0\ARM_GCC_541\Debug\PSoC 4 Wi-Fi Module Test.a(UART.o)
                0x000005dc                UART_Init
 .text.UART_Enable
                0x00000628       0x50 .\CortexM0\ARM_GCC_541\Debug\PSoC 4 Wi-Fi Module Test.a(UART.o)
                0x00000628                UART_Enable
 .text.UART_Start
                0x00000678       0x20 .\CortexM0\ARM_GCC_541\Debug\PSoC 4 Wi-Fi Module Test.a(UART.o)
                0x00000678                UART_Start
 .text.UART_ReadRxData
                0x00000698        0xc .\CortexM0\ARM_GCC_541\Debug\PSoC 4 Wi-Fi Module Test.a(UART.o)
                0x00000698                UART_ReadRxData
 .text.UART_ReadRxStatus
                0x000006a4       0x10 .\CortexM0\ARM_GCC_541\Debug\PSoC 4 Wi-Fi Module Test.a(UART.o)
                0x000006a4                UART_ReadRxStatus
 .text.UART_GetChar
                0x000006b4       0x28 .\CortexM0\ARM_GCC_541\Debug\PSoC 4 Wi-Fi Module Test.a(UART.o)
                0x000006b4                UART_GetChar
 .text.UART_GetByte
                0x000006dc       0x14 .\CortexM0\ARM_GCC_541\Debug\PSoC 4 Wi-Fi Module Test.a(UART.o)
                0x000006dc                UART_GetByte
 .text.UART_GetRxBufferSize
                0x000006f0       0x14 .\CortexM0\ARM_GCC_541\Debug\PSoC 4 Wi-Fi Module Test.a(UART.o)
                0x000006f0                UART_GetRxBufferSize
 .text.UART_ClearRxBuffer
                0x00000704       0x24 .\CortexM0\ARM_GCC_541\Debug\PSoC 4 Wi-Fi Module Test.a(UART.o)
                0x00000704                UART_ClearRxBuffer
 .text.UART_PutChar
                0x00000728       0x6c .\CortexM0\ARM_GCC_541\Debug\PSoC 4 Wi-Fi Module Test.a(UART.o)
                0x00000728                UART_PutChar
 .text.UART_PutString
                0x00000794       0x28 .\CortexM0\ARM_GCC_541\Debug\PSoC 4 Wi-Fi Module Test.a(UART.o)
                0x00000794                UART_PutString
 .text.UART_TXISR
                0x000007bc       0x58 .\CortexM0\ARM_GCC_541\Debug\PSoC 4 Wi-Fi Module Test.a(UART_INT.o)
                0x000007bc                UART_TXISR
 .text.Rx_Int_SetVector
                0x00000814        0xc .\CortexM0\ARM_GCC_541\Debug\PSoC 4 Wi-Fi Module Test.a(Rx_Int.o)
                0x00000814                Rx_Int_SetVector
 .text.Rx_Int_SetPriority
                0x00000820       0x20 .\CortexM0\ARM_GCC_541\Debug\PSoC 4 Wi-Fi Module Test.a(Rx_Int.o)
                0x00000820                Rx_Int_SetPriority
 .text.Rx_Int_Enable
                0x00000840        0xc .\CortexM0\ARM_GCC_541\Debug\PSoC 4 Wi-Fi Module Test.a(Rx_Int.o)
                0x00000840                Rx_Int_Enable
 .text.Rx_Int_Disable
                0x0000084c        0xc .\CortexM0\ARM_GCC_541\Debug\PSoC 4 Wi-Fi Module Test.a(Rx_Int.o)
                0x0000084c                Rx_Int_Disable
 .text.Rx_Int_StartEx
                0x00000858       0x1c .\CortexM0\ARM_GCC_541\Debug\PSoC 4 Wi-Fi Module Test.a(Rx_Int.o)
                0x00000858                Rx_Int_StartEx
 .text.UART_IntClock_Start
                0x00000874       0x14 .\CortexM0\ARM_GCC_541\Debug\PSoC 4 Wi-Fi Module Test.a(UART_IntClock.o)
                0x00000874                UART_IntClock_Start
 .text.CyIntEnable
                0x00000888       0x14 .\CortexM0\ARM_GCC_541\Debug\PSoC 4 Wi-Fi Module Test.a(CyLib.o)
                0x00000888                CyIntEnable
 .text.CyIntDisable
                0x0000089c       0x14 .\CortexM0\ARM_GCC_541\Debug\PSoC 4 Wi-Fi Module Test.a(CyLib.o)
                0x0000089c                CyIntDisable
 .text.CyIntSetPending
                0x000008b0       0x14 .\CortexM0\ARM_GCC_541\Debug\PSoC 4 Wi-Fi Module Test.a(CyLib.o)
                0x000008b0                CyIntSetPending
 .text.CyIntClearPending
                0x000008c4       0x14 .\CortexM0\ARM_GCC_541\Debug\PSoC 4 Wi-Fi Module Test.a(CyLib.o)
                0x000008c4                CyIntClearPending
 .text.CyHalt   0x000008d8        0x4 .\CortexM0\ARM_GCC_541\Debug\PSoC 4 Wi-Fi Module Test.a(CyLib.o)
                0x000008d8                CyHalt
 .text.CyIntSetVector
                0x000008dc       0x24 .\CortexM0\ARM_GCC_541\Debug\PSoC 4 Wi-Fi Module Test.a(CyLib.o)
                0x000008dc                CyIntSetVector
 .text.CyIntSetPriority
                0x00000900       0x4c .\CortexM0\ARM_GCC_541\Debug\PSoC 4 Wi-Fi Module Test.a(CyLib.o)
                0x00000900                CyIntSetPriority
 .text.CySoftwareReset
                0x0000094c       0x18 .\CortexM0\ARM_GCC_541\Debug\PSoC 4 Wi-Fi Module Test.a(CyLib.o)
                0x0000094c                CySoftwareReset
 .text.CyDelay  0x00000964       0x30 .\CortexM0\ARM_GCC_541\Debug\PSoC 4 Wi-Fi Module Test.a(CyLib.o)
                0x00000964                CyDelay
 .text.CyDelayUs
                0x00000994       0x14 .\CortexM0\ARM_GCC_541\Debug\PSoC 4 Wi-Fi Module Test.a(CyLib.o)
                0x00000994                CyDelayUs
 .text.CySysClkWriteImoFreq
                0x000009a8      0x164 .\CortexM0\ARM_GCC_541\Debug\PSoC 4 Wi-Fi Module Test.a(CyLib.o)
                0x000009a8                CySysClkWriteImoFreq
 .text.CySysWdtLocked
                0x00000b0c       0x14 .\CortexM0\ARM_GCC_541\Debug\PSoC 4 Wi-Fi Module Test.a(CyLFClk.o)
 .text.CySysWdtLock
                0x00000b20       0x1c .\CortexM0\ARM_GCC_541\Debug\PSoC 4 Wi-Fi Module Test.a(CyLFClk.o)
                0x00000b20                CySysWdtLock
 .text.CySysWdtUnlock
                0x00000b3c       0x30 .\CortexM0\ARM_GCC_541\Debug\PSoC 4 Wi-Fi Module Test.a(CyLFClk.o)
                0x00000b3c                CySysWdtUnlock
 .text.CySysWdtClearInterrupt
                0x00000b6c       0x4c .\CortexM0\ARM_GCC_541\Debug\PSoC 4 Wi-Fi Module Test.a(CyLFClk.o)
                0x00000b6c                CySysWdtClearInterrupt
 .text.CySysWdtIsr
                0x00000bb8       0xa4 .\CortexM0\ARM_GCC_541\Debug\PSoC 4 Wi-Fi Module Test.a(CyLFClk.o)
                0x00000bb8                CySysWdtIsr
 .text.USB_UART_ScbEnableIntr
                0x00000c5c        0xc .\CortexM0\ARM_GCC_541\Debug\PSoC 4 Wi-Fi Module Test.a(USB_UART.o)
 .text.USB_UART_ScbModePostEnable
                0x00000c68        0x8 .\CortexM0\ARM_GCC_541\Debug\PSoC 4 Wi-Fi Module Test.a(USB_UART.o)
 .text.USB_UART_Init
                0x00000c70        0x8 .\CortexM0\ARM_GCC_541\Debug\PSoC 4 Wi-Fi Module Test.a(USB_UART.o)
                0x00000c70                USB_UART_Init
 .text.USB_UART_Enable
                0x00000c78       0x1c .\CortexM0\ARM_GCC_541\Debug\PSoC 4 Wi-Fi Module Test.a(USB_UART.o)
                0x00000c78                USB_UART_Enable
 .text.USB_UART_Start
                0x00000c94       0x20 .\CortexM0\ARM_GCC_541\Debug\PSoC 4 Wi-Fi Module Test.a(USB_UART.o)
                0x00000c94                USB_UART_Start
 .text.USB_UART_UartInit
                0x00000cb4       0xb4 .\CortexM0\ARM_GCC_541\Debug\PSoC 4 Wi-Fi Module Test.a(USB_UART_UART.o)
                0x00000cb4                USB_UART_UartInit
 .text.USB_UART_UartPostEnable
                0x00000d68       0x2c .\CortexM0\ARM_GCC_541\Debug\PSoC 4 Wi-Fi Module Test.a(USB_UART_UART.o)
                0x00000d68                USB_UART_UartPostEnable
 .text.USB_UART_UartPutString
                0x00000d94       0x18 .\CortexM0\ARM_GCC_541\Debug\PSoC 4 Wi-Fi Module Test.a(USB_UART_UART.o)
                0x00000d94                USB_UART_UartPutString
 .text.USB_UART_UartPutCRLF
                0x00000dac       0x14 .\CortexM0\ARM_GCC_541\Debug\PSoC 4 Wi-Fi Module Test.a(USB_UART_UART.o)
                0x00000dac                USB_UART_UartPutCRLF
 .text          0x00000dc0       0x24 .\CortexM0\ARM_GCC_541\Debug\PSoC 4 Wi-Fi Module Test.a(CyBootAsmGnu.o)
                0x00000dc0                CyDelayCycles
                0x00000dd4                CyEnterCriticalSection
                0x00000ddc                CyExitCriticalSection
 .text.USB_UART_SpiUartWriteTxData
                0x00000de4       0x1c .\CortexM0\ARM_GCC_541\Debug\PSoC 4 Wi-Fi Module Test.a(USB_UART_SPI_UART.o)
                0x00000de4                USB_UART_SpiUartWriteTxData
 .text.USB_UART_SPI_UART_ISR
                0x00000e00       0x14 .\CortexM0\ARM_GCC_541\Debug\PSoC 4 Wi-Fi Module Test.a(USB_UART_SPI_UART_INT.o)
                0x00000e00                USB_UART_SPI_UART_ISR
 .text          0x00000e14      0x114 c:/program files (x86)/cypress/psoc creator/4.2/psoc creator/import/gnu/arm/5.4.1/bin/../lib/gcc/arm-none-eabi/5.4.1/armv6-m\libgcc.a(_udivsi3.o)
                0x00000e14                __aeabi_uidiv
                0x00000e14                __udivsi3
                0x00000f20                __aeabi_uidivmod
 .text          0x00000f28        0x4 c:/program files (x86)/cypress/psoc creator/4.2/psoc creator/import/gnu/arm/5.4.1/bin/../lib/gcc/arm-none-eabi/5.4.1/armv6-m\libgcc.a(_dvmd_tls.o)
                0x00000f28                __aeabi_idiv0
                0x00000f28                __aeabi_ldiv0
 .text.__errno  0x00000f2c        0xc c:/program files (x86)/cypress/psoc creator/4.2/psoc creator/import/gnu/arm/5.4.1/bin/../lib/gcc/arm-none-eabi/5.4.1/../../../../arm-none-eabi/lib/armv6-m\libg_nano.a(lib_a-errno.o)
                0x00000f2c                __errno
 .text.__libc_init_array
                0x00000f38       0x4c c:/program files (x86)/cypress/psoc creator/4.2/psoc creator/import/gnu/arm/5.4.1/bin/../lib/gcc/arm-none-eabi/5.4.1/../../../../arm-none-eabi/lib/armv6-m\libg_nano.a(lib_a-init.o)
                0x00000f38                __libc_init_array
 .text.memcpy   0x00000f84       0x12 c:/program files (x86)/cypress/psoc creator/4.2/psoc creator/import/gnu/arm/5.4.1/bin/../lib/gcc/arm-none-eabi/5.4.1/../../../../arm-none-eabi/lib/armv6-m\libg_nano.a(lib_a-memcpy-stub.o)
                0x00000f84                memcpy
 .text.memset   0x00000f96       0x10 c:/program files (x86)/cypress/psoc creator/4.2/psoc creator/import/gnu/arm/5.4.1/bin/../lib/gcc/arm-none-eabi/5.4.1/../../../../arm-none-eabi/lib/armv6-m\libg_nano.a(lib_a-memset.o)
                0x00000f96                memset
 .text.__cvt    0x00000fa6       0xca c:/program files (x86)/cypress/psoc creator/4.2/psoc creator/import/gnu/arm/5.4.1/bin/../lib/gcc/arm-none-eabi/5.4.1/../../../../arm-none-eabi/lib/armv6-m\libg_nano.a(lib_a-nano-vfprintf_float.o)
                0x00000fa6                __cvt
 .text.__exponent
                0x00001070       0x62 c:/program files (x86)/cypress/psoc creator/4.2/psoc creator/import/gnu/arm/5.4.1/bin/../lib/gcc/arm-none-eabi/5.4.1/../../../../arm-none-eabi/lib/armv6-m\libg_nano.a(lib_a-nano-vfprintf_float.o)
                0x00001070                __exponent
 *fill*         0x000010d2        0x2 
 .text._printf_float
                0x000010d4      0x4a0 c:/program files (x86)/cypress/psoc creator/4.2/psoc creator/import/gnu/arm/5.4.1/bin/../lib/gcc/arm-none-eabi/5.4.1/../../../../arm-none-eabi/lib/armv6-m\libg_nano.a(lib_a-nano-vfprintf_float.o)
                0x000010d4                _printf_float
 .text._printf_common
                0x00001574       0xdc c:/program files (x86)/cypress/psoc creator/4.2/psoc creator/import/gnu/arm/5.4.1/bin/../lib/gcc/arm-none-eabi/5.4.1/../../../../arm-none-eabi/lib/armv6-m\libg_nano.a(lib_a-nano-vfprintf_i.o)
                0x00001574                _printf_common
 .text._printf_i
                0x00001650      0x244 c:/program files (x86)/cypress/psoc creator/4.2/psoc creator/import/gnu/arm/5.4.1/bin/../lib/gcc/arm-none-eabi/5.4.1/../../../../arm-none-eabi/lib/armv6-m\libg_nano.a(lib_a-nano-vfprintf_i.o)
                0x00001650                _printf_i
 .text.sprintf  0x00001894       0x44 c:/program files (x86)/cypress/psoc creator/4.2/psoc creator/import/gnu/arm/5.4.1/bin/../lib/gcc/arm-none-eabi/5.4.1/../../../../arm-none-eabi/lib/armv6-m\libg_nano.a(lib_a-sprintf.o)
                0x00001894                siprintf
                0x00001894                sprintf
 .text          0x000018d8        0xe c:/program files (x86)/cypress/psoc creator/4.2/psoc creator/import/gnu/arm/5.4.1/bin/../lib/gcc/arm-none-eabi/5.4.1/../../../../arm-none-eabi/lib/armv6-m\libg_nano.a(lib_a-strlen.o)
                0x000018d8                strlen
 .text.quorem   0x000018e6      0x10c c:/program files (x86)/cypress/psoc creator/4.2/psoc creator/import/gnu/arm/5.4.1/bin/../lib/gcc/arm-none-eabi/5.4.1/../../../../arm-none-eabi/lib/armv6-m\libg_nano.a(lib_a-dtoa.o)
 *fill*         0x000019f2        0x2 
 .text._dtoa_r  0x000019f4      0xb8c c:/program files (x86)/cypress/psoc creator/4.2/psoc creator/import/gnu/arm/5.4.1/bin/../lib/gcc/arm-none-eabi/5.4.1/../../../../arm-none-eabi/lib/armv6-m\libg_nano.a(lib_a-dtoa.o)
                0x000019f4                _dtoa_r
 .text._localeconv_r
                0x00002580        0x8 c:/program files (x86)/cypress/psoc creator/4.2/psoc creator/import/gnu/arm/5.4.1/bin/../lib/gcc/arm-none-eabi/5.4.1/../../../../arm-none-eabi/lib/armv6-m\libg_nano.a(lib_a-locale.o)
                0x00002580                _localeconv_r
 .text.malloc   0x00002588       0x14 c:/program files (x86)/cypress/psoc creator/4.2/psoc creator/import/gnu/arm/5.4.1/bin/../lib/gcc/arm-none-eabi/5.4.1/../../../../arm-none-eabi/lib/armv6-m\libg_nano.a(lib_a-malloc.o)
                0x00002588                malloc
 .text.memchr   0x0000259c       0x16 c:/program files (x86)/cypress/psoc creator/4.2/psoc creator/import/gnu/arm/5.4.1/bin/../lib/gcc/arm-none-eabi/5.4.1/../../../../arm-none-eabi/lib/armv6-m\libg_nano.a(lib_a-memchr-stub.o)
                0x0000259c                memchr
 .text._Balloc  0x000025b2       0x70 c:/program files (x86)/cypress/psoc creator/4.2/psoc creator/import/gnu/arm/5.4.1/bin/../lib/gcc/arm-none-eabi/5.4.1/../../../../arm-none-eabi/lib/armv6-m\libg_nano.a(lib_a-mprec.o)
                0x000025b2                _Balloc
 .text._Bfree   0x00002622       0x32 c:/program files (x86)/cypress/psoc creator/4.2/psoc creator/import/gnu/arm/5.4.1/bin/../lib/gcc/arm-none-eabi/5.4.1/../../../../arm-none-eabi/lib/armv6-m\libg_nano.a(lib_a-mprec.o)
                0x00002622                _Bfree
 .text.__multadd
                0x00002654       0x7a c:/program files (x86)/cypress/psoc creator/4.2/psoc creator/import/gnu/arm/5.4.1/bin/../lib/gcc/arm-none-eabi/5.4.1/../../../../arm-none-eabi/lib/armv6-m\libg_nano.a(lib_a-mprec.o)
                0x00002654                __multadd
 .text.__hi0bits
                0x000026ce       0x36 c:/program files (x86)/cypress/psoc creator/4.2/psoc creator/import/gnu/arm/5.4.1/bin/../lib/gcc/arm-none-eabi/5.4.1/../../../../arm-none-eabi/lib/armv6-m\libg_nano.a(lib_a-mprec.o)
                0x000026ce                __hi0bits
 .text.__lo0bits
                0x00002704       0x5e c:/program files (x86)/cypress/psoc creator/4.2/psoc creator/import/gnu/arm/5.4.1/bin/../lib/gcc/arm-none-eabi/5.4.1/../../../../arm-none-eabi/lib/armv6-m\libg_nano.a(lib_a-mprec.o)
                0x00002704                __lo0bits
 .text.__i2b    0x00002762       0x12 c:/program files (x86)/cypress/psoc creator/4.2/psoc creator/import/gnu/arm/5.4.1/bin/../lib/gcc/arm-none-eabi/5.4.1/../../../../arm-none-eabi/lib/armv6-m\libg_nano.a(lib_a-mprec.o)
                0x00002762                __i2b
 .text.__multiply
                0x00002774      0x112 c:/program files (x86)/cypress/psoc creator/4.2/psoc creator/import/gnu/arm/5.4.1/bin/../lib/gcc/arm-none-eabi/5.4.1/../../../../arm-none-eabi/lib/armv6-m\libg_nano.a(lib_a-mprec.o)
                0x00002774                __multiply
 *fill*         0x00002886        0x2 
 .text.__pow5mult
                0x00002888       0xa8 c:/program files (x86)/cypress/psoc creator/4.2/psoc creator/import/gnu/arm/5.4.1/bin/../lib/gcc/arm-none-eabi/5.4.1/../../../../arm-none-eabi/lib/armv6-m\libg_nano.a(lib_a-mprec.o)
                0x00002888                __pow5mult
 .text.__lshift
                0x00002930       0xa4 c:/program files (x86)/cypress/psoc creator/4.2/psoc creator/import/gnu/arm/5.4.1/bin/../lib/gcc/arm-none-eabi/5.4.1/../../../../arm-none-eabi/lib/armv6-m\libg_nano.a(lib_a-mprec.o)
                0x00002930                __lshift
 .text.__mcmp   0x000029d4       0x36 c:/program files (x86)/cypress/psoc creator/4.2/psoc creator/import/gnu/arm/5.4.1/bin/../lib/gcc/arm-none-eabi/5.4.1/../../../../arm-none-eabi/lib/armv6-m\libg_nano.a(lib_a-mprec.o)
                0x000029d4                __mcmp
 .text.__mdiff  0x00002a0a       0xd6 c:/program files (x86)/cypress/psoc creator/4.2/psoc creator/import/gnu/arm/5.4.1/bin/../lib/gcc/arm-none-eabi/5.4.1/../../../../arm-none-eabi/lib/armv6-m\libg_nano.a(lib_a-mprec.o)
                0x00002a0a                __mdiff
 .text.__d2b    0x00002ae0       0xa8 c:/program files (x86)/cypress/psoc creator/4.2/psoc creator/import/gnu/arm/5.4.1/bin/../lib/gcc/arm-none-eabi/5.4.1/../../../../arm-none-eabi/lib/armv6-m\libg_nano.a(lib_a-mprec.o)
                0x00002ae0                __d2b
 .text._calloc_r
                0x00002b88       0x1c c:/program files (x86)/cypress/psoc creator/4.2/psoc creator/import/gnu/arm/5.4.1/bin/../lib/gcc/arm-none-eabi/5.4.1/../../../../arm-none-eabi/lib/armv6-m\libg_nano.a(lib_a-nano-callocr.o)
                0x00002b88                _calloc_r
 .text._free_r  0x00002ba4       0x98 c:/program files (x86)/cypress/psoc creator/4.2/psoc creator/import/gnu/arm/5.4.1/bin/../lib/gcc/arm-none-eabi/5.4.1/../../../../arm-none-eabi/lib/armv6-m\libg_nano.a(lib_a-nano-freer.o)
                0x00002ba4                _free_r
 .text._malloc_r
                0x00002c3c       0xc0 c:/program files (x86)/cypress/psoc creator/4.2/psoc creator/import/gnu/arm/5.4.1/bin/../lib/gcc/arm-none-eabi/5.4.1/../../../../arm-none-eabi/lib/armv6-m\libg_nano.a(lib_a-nano-mallocr.o)
                0x00002c3c                _malloc_r
 .text.__ssputs_r
                0x00002cfc       0xc4 c:/program files (x86)/cypress/psoc creator/4.2/psoc creator/import/gnu/arm/5.4.1/bin/../lib/gcc/arm-none-eabi/5.4.1/../../../../arm-none-eabi/lib/armv6-m\libg_nano.a(lib_a-nano-svfprintf.o)
                0x00002cfc                __ssputs_r
 .text._svfprintf_r
                0x00002dc0      0x1fc c:/program files (x86)/cypress/psoc creator/4.2/psoc creator/import/gnu/arm/5.4.1/bin/../lib/gcc/arm-none-eabi/5.4.1/../../../../arm-none-eabi/lib/armv6-m\libg_nano.a(lib_a-nano-svfprintf.o)
                0x00002dc0                _svfiprintf_r
                0x00002dc0                _svfprintf_r
 .text._sbrk_r  0x00002fbc       0x24 c:/program files (x86)/cypress/psoc creator/4.2/psoc creator/import/gnu/arm/5.4.1/bin/../lib/gcc/arm-none-eabi/5.4.1/../../../../arm-none-eabi/lib/armv6-m\libg_nano.a(lib_a-sbrkr.o)
                0x00002fbc                _sbrk_r
 .text.memmove  0x00002fe0       0x2a c:/program files (x86)/cypress/psoc creator/4.2/psoc creator/import/gnu/arm/5.4.1/bin/../lib/gcc/arm-none-eabi/5.4.1/../../../../arm-none-eabi/lib/armv6-m\libg_nano.a(lib_a-memmove.o)
                0x00002fe0                memmove
 .text.__malloc_lock
                0x0000300a        0x2 c:/program files (x86)/cypress/psoc creator/4.2/psoc creator/import/gnu/arm/5.4.1/bin/../lib/gcc/arm-none-eabi/5.4.1/../../../../arm-none-eabi/lib/armv6-m\libg_nano.a(lib_a-mlock.o)
                0x0000300a                __malloc_lock
 .text.__malloc_unlock
                0x0000300c        0x2 c:/program files (x86)/cypress/psoc creator/4.2/psoc creator/import/gnu/arm/5.4.1/bin/../lib/gcc/arm-none-eabi/5.4.1/../../../../arm-none-eabi/lib/armv6-m\libg_nano.a(lib_a-mlock.o)
                0x0000300c                __malloc_unlock
 .text._realloc_r
                0x0000300e       0x4c c:/program files (x86)/cypress/psoc creator/4.2/psoc creator/import/gnu/arm/5.4.1/bin/../lib/gcc/arm-none-eabi/5.4.1/../../../../arm-none-eabi/lib/armv6-m\libg_nano.a(lib_a-nano-reallocr.o)
                0x0000300e                _realloc_r
 .text._malloc_usable_size_r
                0x0000305a       0x16 c:/program files (x86)/cypress/psoc creator/4.2/psoc creator/import/gnu/arm/5.4.1/bin/../lib/gcc/arm-none-eabi/5.4.1/../../../../arm-none-eabi/lib/armv6-m\libg_nano.a(lib_a-nano-msizer.o)
                0x0000305a                _malloc_usable_size_r
 .text          0x00003070       0x14 c:/program files (x86)/cypress/psoc creator/4.2/psoc creator/import/gnu/arm/5.4.1/bin/../lib/gcc/arm-none-eabi/5.4.1/armv6-m\libgcc.a(_thumb1_case_uqi.o)
                0x00003070                __gnu_thumb1_case_uqi
 .text          0x00003084      0x1d4 c:/program files (x86)/cypress/psoc creator/4.2/psoc creator/import/gnu/arm/5.4.1/bin/../lib/gcc/arm-none-eabi/5.4.1/armv6-m\libgcc.a(_divsi3.o)
                0x00003084                __divsi3
                0x00003084                __aeabi_idiv
                0x00003250                __aeabi_idivmod
 .text          0x00003258       0x7c c:/program files (x86)/cypress/psoc creator/4.2/psoc creator/import/gnu/arm/5.4.1/bin/../lib/gcc/arm-none-eabi/5.4.1/armv6-m\libgcc.a(_arm_cmpdf2.o)
                0x00003258                __aeabi_cdrcmple
                0x00003268                __aeabi_cdcmple
                0x00003268                __aeabi_cdcmpeq
                0x00003278                __aeabi_dcmpeq
                0x00003284                __aeabi_dcmplt
                0x00003298                __aeabi_dcmple
                0x000032ac                __aeabi_dcmpgt
                0x000032c0                __aeabi_dcmpge
 .text          0x000032d4      0x658 c:/program files (x86)/cypress/psoc creator/4.2/psoc creator/import/gnu/arm/5.4.1/bin/../lib/gcc/arm-none-eabi/5.4.1/armv6-m\libgcc.a(adddf3.o)
                0x000032d4                __aeabi_dadd
 .text          0x0000392c      0x62c c:/program files (x86)/cypress/psoc creator/4.2/psoc creator/import/gnu/arm/5.4.1/bin/../lib/gcc/arm-none-eabi/5.4.1/armv6-m\libgcc.a(divdf3.o)
                0x0000392c                __aeabi_ddiv
 .text          0x00003f58       0x80 c:/program files (x86)/cypress/psoc creator/4.2/psoc creator/import/gnu/arm/5.4.1/bin/../lib/gcc/arm-none-eabi/5.4.1/armv6-m\libgcc.a(eqdf2.o)
                0x00003f58                __nedf2
                0x00003f58                __eqdf2
 .text          0x00003fd8       0xc8 c:/program files (x86)/cypress/psoc creator/4.2/psoc creator/import/gnu/arm/5.4.1/bin/../lib/gcc/arm-none-eabi/5.4.1/armv6-m\libgcc.a(gedf2.o)
                0x00003fd8                __gedf2
                0x00003fd8                __gtdf2
 .text          0x000040a0       0xd4 c:/program files (x86)/cypress/psoc creator/4.2/psoc creator/import/gnu/arm/5.4.1/bin/../lib/gcc/arm-none-eabi/5.4.1/armv6-m\libgcc.a(ledf2.o)
                0x000040a0                __ledf2
                0x000040a0                __ltdf2
 .text          0x00004174      0x4f4 c:/program files (x86)/cypress/psoc creator/4.2/psoc creator/import/gnu/arm/5.4.1/bin/../lib/gcc/arm-none-eabi/5.4.1/armv6-m\libgcc.a(muldf3.o)
                0x00004174                __aeabi_dmul
 .text          0x00004668      0x6a8 c:/program files (x86)/cypress/psoc creator/4.2/psoc creator/import/gnu/arm/5.4.1/bin/../lib/gcc/arm-none-eabi/5.4.1/armv6-m\libgcc.a(subdf3.o)
                0x00004668                __aeabi_dsub
 .text          0x00004d10       0x40 c:/program files (x86)/cypress/psoc creator/4.2/psoc creator/import/gnu/arm/5.4.1/bin/../lib/gcc/arm-none-eabi/5.4.1/armv6-m\libgcc.a(unorddf2.o)
                0x00004d10                __aeabi_dcmpun
 .text          0x00004d50       0x6c c:/program files (x86)/cypress/psoc creator/4.2/psoc creator/import/gnu/arm/5.4.1/bin/../lib/gcc/arm-none-eabi/5.4.1/armv6-m\libgcc.a(fixdfsi.o)
                0x00004d50                __aeabi_d2iz
 .text          0x00004dbc       0x84 c:/program files (x86)/cypress/psoc creator/4.2/psoc creator/import/gnu/arm/5.4.1/bin/../lib/gcc/arm-none-eabi/5.4.1/armv6-m\libgcc.a(floatsidf.o)
                0x00004dbc                __aeabi_i2d
 .text          0x00004e40       0x70 c:/program files (x86)/cypress/psoc creator/4.2/psoc creator/import/gnu/arm/5.4.1/bin/../lib/gcc/arm-none-eabi/5.4.1/armv6-m\libgcc.a(floatunsidf.o)
                0x00004e40                __aeabi_ui2d
 .text          0x00004eb0       0x3c c:/program files (x86)/cypress/psoc creator/4.2/psoc creator/import/gnu/arm/5.4.1/bin/../lib/gcc/arm-none-eabi/5.4.1/armv6-m\libgcc.a(_clzsi2.o)
                0x00004eb0                __clzsi2
 *(.plt)
 *(.gnu.warning)
 *(.glue_7t)
 .glue_7t       0x00004eec        0x0 linker stubs
 *(.glue_7)
 .glue_7        0x00004eec        0x0 linker stubs
 *(.vfp11_veneer)
 .vfp11_veneer  0x00004eec        0x0 linker stubs
 *(.bootloader)
 *(.ARM.extab* .gnu.linkonce.armextab.*)
 *(.gcc_except_table)

.v4_bx          0x00004eec        0x0
 .v4_bx         0x00004eec        0x0 linker stubs

.iplt           0x00004eec        0x0
 .iplt          0x00004eec        0x0 c:/program files (x86)/cypress/psoc creator/4.2/psoc creator/import/gnu/arm/5.4.1/bin/../lib/gcc/arm-none-eabi/5.4.1/armv6-m/crtbegin.o

.eh_frame_hdr
 *(.eh_frame_hdr)

.eh_frame       0x00004eec        0x4
 *(.eh_frame)
 .eh_frame      0x00004eec        0x0 c:/program files (x86)/cypress/psoc creator/4.2/psoc creator/import/gnu/arm/5.4.1/bin/../lib/gcc/arm-none-eabi/5.4.1/armv6-m/crtbegin.o
 .eh_frame      0x00004eec        0x4 c:/program files (x86)/cypress/psoc creator/4.2/psoc creator/import/gnu/arm/5.4.1/bin/../lib/gcc/arm-none-eabi/5.4.1/armv6-m/crtend.o
                [!provide]                PROVIDE (__exidx_start, .)

.ARM.exidx
 *(.ARM.exidx* .gnu.linkonce.armexidx.*)
                0x00004ef0                __exidx_end = .

.rodata         0x00004ef0      0x7b0
 *(.rodata .rodata.* .gnu.linkonce.r.*)
 .rodata.str1.4
                0x00004ef0       0x71 .\CortexM0\ARM_GCC_541\Debug\main.o
 *fill*         0x00004f61        0x3 
 .rodata.str1.4
                0x00004f64      0x1a8 .\CortexM0\ARM_GCC_541\Debug\Data_and_Func.o
                                0x1b4 (size before relaxing)
 .rodata        0x0000510c      0x350 .\CortexM0\ARM_GCC_541\Debug\cyfitter_cfg.o
 .rodata        0x0000545c       0x2e .\CortexM0\ARM_GCC_541\Debug\PSoC 4 Wi-Fi Module Test.a(CyLib.o)
                0x0000545c                cyImoFreqMhz2Reg
 .rodata.str1.1
                0x0000548a        0x2 c:/program files (x86)/cypress/psoc creator/4.2/psoc creator/import/gnu/arm/5.4.1/bin/../lib/gcc/arm-none-eabi/5.4.1/../../../../arm-none-eabi/lib/armv6-m\libg_nano.a(lib_a-impure.o)
 .rodata.str1.1
                0x0000548c       0x12 c:/program files (x86)/cypress/psoc creator/4.2/psoc creator/import/gnu/arm/5.4.1/bin/../lib/gcc/arm-none-eabi/5.4.1/../../../../arm-none-eabi/lib/armv6-m\libg_nano.a(lib_a-nano-vfprintf_float.o)
 .rodata.str1.1
                0x0000549e       0x22 c:/program files (x86)/cypress/psoc creator/4.2/psoc creator/import/gnu/arm/5.4.1/bin/../lib/gcc/arm-none-eabi/5.4.1/../../../../arm-none-eabi/lib/armv6-m\libg_nano.a(lib_a-nano-vfprintf_i.o)
 .rodata.str1.1
                0x000054c0        0xd c:/program files (x86)/cypress/psoc creator/4.2/psoc creator/import/gnu/arm/5.4.1/bin/../lib/gcc/arm-none-eabi/5.4.1/../../../../arm-none-eabi/lib/armv6-m\libg_nano.a(lib_a-dtoa.o)
                                  0xf (size before relaxing)
 .rodata.str1.1
                0x000054cd        0x8 c:/program files (x86)/cypress/psoc creator/4.2/psoc creator/import/gnu/arm/5.4.1/bin/../lib/gcc/arm-none-eabi/5.4.1/../../../../arm-none-eabi/lib/armv6-m\libg_nano.a(lib_a-locale.o)
                                  0xb (size before relaxing)
 *fill*         0x000054d5        0x3 
 .rodata.__mprec_tens
                0x000054d8       0xc8 c:/program files (x86)/cypress/psoc creator/4.2/psoc creator/import/gnu/arm/5.4.1/bin/../lib/gcc/arm-none-eabi/5.4.1/../../../../arm-none-eabi/lib/armv6-m\libg_nano.a(lib_a-mprec.o)
                0x000054d8                __mprec_tens
 .rodata.p05.5408
                0x000055a0        0xc c:/program files (x86)/cypress/psoc creator/4.2/psoc creator/import/gnu/arm/5.4.1/bin/../lib/gcc/arm-none-eabi/5.4.1/../../../../arm-none-eabi/lib/armv6-m\libg_nano.a(lib_a-mprec.o)
 *fill*         0x000055ac        0x4 
 .rodata.__mprec_bigtens
                0x000055b0       0x28 c:/program files (x86)/cypress/psoc creator/4.2/psoc creator/import/gnu/arm/5.4.1/bin/../lib/gcc/arm-none-eabi/5.4.1/../../../../arm-none-eabi/lib/armv6-m\libg_nano.a(lib_a-mprec.o)
                0x000055b0                __mprec_bigtens
 .rodata.str1.1
                0x000055d8       0x11 c:/program files (x86)/cypress/psoc creator/4.2/psoc creator/import/gnu/arm/5.4.1/bin/../lib/gcc/arm-none-eabi/5.4.1/../../../../arm-none-eabi/lib/armv6-m\libg_nano.a(lib_a-nano-svfprintf.o)
 *fill*         0x000055e9        0x3 
 .rodata        0x000055ec       0x40 c:/program files (x86)/cypress/psoc creator/4.2/psoc creator/import/gnu/arm/5.4.1/bin/../lib/gcc/arm-none-eabi/5.4.1/armv6-m\libgcc.a(divdf3.o)
 .rodata        0x0000562c       0x40 c:/program files (x86)/cypress/psoc creator/4.2/psoc creator/import/gnu/arm/5.4.1/bin/../lib/gcc/arm-none-eabi/5.4.1/armv6-m\libgcc.a(muldf3.o)
                0x0000566c                . = ALIGN (0x4)
 *(.init)
 .init          0x0000566c        0x4 c:/program files (x86)/cypress/psoc creator/4.2/psoc creator/import/gnu/arm/5.4.1/bin/../lib/gcc/arm-none-eabi/5.4.1/armv6-m/crti.o
                0x0000566c                _init
 .init          0x00005670        0x8 c:/program files (x86)/cypress/psoc creator/4.2/psoc creator/import/gnu/arm/5.4.1/bin/../lib/gcc/arm-none-eabi/5.4.1/armv6-m/crtn.o
                0x00005678                . = ALIGN (0x4)
                0x00005678                __preinit_array_start = .
 *(.preinit_array)
                0x00005678                __preinit_array_end = .
                0x00005678                . = ALIGN (0x4)
                0x00005678                __init_array_start = .
 *(SORT(.init_array.*))
 *(.init_array)
 .init_array    0x00005678        0x4 c:/program files (x86)/cypress/psoc creator/4.2/psoc creator/import/gnu/arm/5.4.1/bin/../lib/gcc/arm-none-eabi/5.4.1/armv6-m/crtbegin.o
 .init_array    0x0000567c        0x4 .\CortexM0\ARM_GCC_541\Debug\Cm0Start.o
                0x00005680                __init_array_end = .
                0x00005680                . = ALIGN (0x4)
 *(.fini)
 .fini          0x00005680        0x4 c:/program files (x86)/cypress/psoc creator/4.2/psoc creator/import/gnu/arm/5.4.1/bin/../lib/gcc/arm-none-eabi/5.4.1/armv6-m/crti.o
                0x00005680                _fini
 .fini          0x00005684        0x8 c:/program files (x86)/cypress/psoc creator/4.2/psoc creator/import/gnu/arm/5.4.1/bin/../lib/gcc/arm-none-eabi/5.4.1/armv6-m/crtn.o
                0x0000568c                . = ALIGN (0x4)
                0x0000568c                __fini_array_start = .
 *(.fini_array)
 .fini_array    0x0000568c        0x4 c:/program files (x86)/cypress/psoc creator/4.2/psoc creator/import/gnu/arm/5.4.1/bin/../lib/gcc/arm-none-eabi/5.4.1/armv6-m/crtbegin.o
 *(SORT(.fini_array.*))
                0x00005690                __fini_array_end = .
                0x00005690                . = ALIGN (0x4)
 *crtbegin.o(.ctors)
 *(EXCLUDE_FILE(*crtend.o) .ctors)
 *(SORT(.ctors.*))
 *crtend.o(.ctors)
                0x00005690                . = ALIGN (0x4)
 *crtbegin.o(.dtors)
 *(EXCLUDE_FILE(*crtend.o) .dtors)
 *(SORT(.dtors.*))
 *crtend.o(.dtors)
                0x00005690                . = ALIGN (0x4)
                0x00005690                __cy_regions = .
                0x00005690        0x4 LONG 0x56a0 __cy_region_init_ram
                0x00005694        0x4 LONG 0x200000c0 __cy_region_start_data
                0x00005698        0x4 LONG 0xc0 __cy_region_init_size_ram
                0x0000569c        0x4 LONG 0xe0 __cy_region_zero_size_ram
                0x000056a0                __cy_regions_end = .
                0x000056a0                . = ALIGN (0x8)
                0x000056a0                _etext = .

.cy_checksum_exclude
                0x000056a0        0x0
 *(.cy_checksum_exclude)

.ramvectors     0x20000000       0xc0
                0x20000000                __cy_region_start_ram = .
 *(.ramvectors)
 .ramvectors    0x20000000       0xc0 .\CortexM0\ARM_GCC_541\Debug\Cm0Start.o
                0x20000000                CyRamVectors

.noinit
 *(.noinit)

.data           0x200000c0       0xc0 load address 0x000056a0
                0x200000c0                __cy_region_start_data = .
 *(.jcr)
 .jcr           0x200000c0        0x0 c:/program files (x86)/cypress/psoc creator/4.2/psoc creator/import/gnu/arm/5.4.1/bin/../lib/gcc/arm-none-eabi/5.4.1/armv6-m/crtbegin.o
 .jcr           0x200000c0        0x4 c:/program files (x86)/cypress/psoc creator/4.2/psoc creator/import/gnu/arm/5.4.1/bin/../lib/gcc/arm-none-eabi/5.4.1/armv6-m/crtend.o
 *(.got.plt)
 *(.got)
 *(.shdata)
 *(.data .data.* .gnu.linkonce.d.*)
 .data          0x200000c4        0x4 .\CortexM0\ARM_GCC_541\Debug\Cm0Start.o
 .data          0x200000c8       0x14 .\CortexM0\ARM_GCC_541\Debug\PSoC 4 Wi-Fi Module Test.a(CyLib.o)
                0x200000c8                CySysClkPumpConfig
                0x200000cc                cydelay32kMs
                0x200000d0                cydelayFreqKhz
                0x200000d4                cydelayFreqMhz
                0x200000d8                cydelayFreqHz
 .data          0x200000dc        0x4 .\CortexM0\ARM_GCC_541\Debug\PSoC 4 Wi-Fi Module Test.a(CyLFClk.o)
 .data.impure_data
                0x200000e0       0x60 c:/program files (x86)/cypress/psoc creator/4.2/psoc creator/import/gnu/arm/5.4.1/bin/../lib/gcc/arm-none-eabi/5.4.1/../../../../arm-none-eabi/lib/armv6-m\libg_nano.a(lib_a-impure.o)
 .data._impure_ptr
                0x20000140        0x4 c:/program files (x86)/cypress/psoc creator/4.2/psoc creator/import/gnu/arm/5.4.1/bin/../lib/gcc/arm-none-eabi/5.4.1/../../../../arm-none-eabi/lib/armv6-m\libg_nano.a(lib_a-impure.o)
                0x20000140                _impure_ptr
 .data.lconv    0x20000144       0x38 c:/program files (x86)/cypress/psoc creator/4.2/psoc creator/import/gnu/arm/5.4.1/bin/../lib/gcc/arm-none-eabi/5.4.1/../../../../arm-none-eabi/lib/armv6-m\libg_nano.a(lib_a-locale.o)
                0x20000180                . = ALIGN (0x8)
 *fill*         0x2000017c        0x4 
 *(.ram)
                0x20000180                _edata = .

.igot.plt       0x20000180        0x0 load address 0x00005760
 .igot.plt      0x20000180        0x0 c:/program files (x86)/cypress/psoc creator/4.2/psoc creator/import/gnu/arm/5.4.1/bin/../lib/gcc/arm-none-eabi/5.4.1/armv6-m/crtbegin.o

.bss            0x20000180       0xe0 load address 0x00005760
                0x20000180                PROVIDE (__bss_start__, .)
 *(.shbss)
 *(.bss .bss.* .gnu.linkonce.b.*)
 .bss           0x20000180       0x1c c:/program files (x86)/cypress/psoc creator/4.2/psoc creator/import/gnu/arm/5.4.1/bin/../lib/gcc/arm-none-eabi/5.4.1/armv6-m/crtbegin.o
 .bss           0x2000019c        0x5 .\CortexM0\ARM_GCC_541\Debug\main.o
                0x2000019c                i
                0x200001a0                count_RX
 *fill*         0x200001a1        0x1 
 .bss           0x200001a2        0x4 .\CortexM0\ARM_GCC_541\Debug\Data_and_Func.o
                0x200001a3                HaveAnswer
 .bss           0x200001a6        0x4 .\CortexM0\ARM_GCC_541\Debug\PSoC 4 Wi-Fi Module Test.a(UART.o)
                0x200001a6                UART_initVar
                0x200001a7                UART_txBufferRead
                0x200001a8                UART_txBufferWrite
 *fill*         0x200001aa        0x2 
 .bss           0x200001ac       0x20 .\CortexM0\ARM_GCC_541\Debug\PSoC 4 Wi-Fi Module Test.a(CyLFClk.o)
 .bss           0x200001cc        0xa .\CortexM0\ARM_GCC_541\Debug\PSoC 4 Wi-Fi Module Test.a(USB_UART.o)
                0x200001cc                USB_UART_initVar
                0x200001d0                USB_UART_customIntrHandler
                0x200001d4                USB_UART_IntrTxMask
 *fill*         0x200001d6        0x2 
 .bss.__malloc_sbrk_start
                0x200001d8        0x4 c:/program files (x86)/cypress/psoc creator/4.2/psoc creator/import/gnu/arm/5.4.1/bin/../lib/gcc/arm-none-eabi/5.4.1/../../../../arm-none-eabi/lib/armv6-m\libg_nano.a(lib_a-nano-mallocr.o)
                0x200001d8                __malloc_sbrk_start
 .bss.__malloc_free_list
                0x200001dc        0x4 c:/program files (x86)/cypress/psoc creator/4.2/psoc creator/import/gnu/arm/5.4.1/bin/../lib/gcc/arm-none-eabi/5.4.1/../../../../arm-none-eabi/lib/armv6-m\libg_nano.a(lib_a-nano-mallocr.o)
                0x200001dc                __malloc_free_list
 *(COMMON)
 COMMON         0x200001e0       0x50 .\CortexM0\ARM_GCC_541\Debug\Data_and_Func.o
                0x200001e0                ATanswer
 COMMON         0x20000230       0x28 .\CortexM0\ARM_GCC_541\Debug\PSoC 4 Wi-Fi Module Test.a(UART.o)
                0x20000230                UART_txBuffer
 COMMON         0x20000258        0x4 c:/program files (x86)/cypress/psoc creator/4.2/psoc creator/import/gnu/arm/5.4.1/bin/../lib/gcc/arm-none-eabi/5.4.1/../../../../arm-none-eabi/lib/armv6-m\libg_nano.a(lib_a-reent.o)
                0x20000258                errno
                0x20000260                . = ALIGN (0x8)
 *fill*         0x2000025c        0x4 
 *(.ram.b)
                0x20000260                _end = .
                0x20000260                __end = .
                0x20000260                PROVIDE (end, .)
                0x20000260                PROVIDE (__bss_end__, .)
                0x000056a0                __cy_region_init_ram = LOADADDR (.data)
                0x000000c0                __cy_region_init_size_ram = (_edata - ADDR (.data))
                0x000000e0                __cy_region_zero_size_ram = (_end - _edata)

.heap           0x20000260      0x400 load address 0x00005760
                0x20000260                . = _end
                0x20000660                . = (. + 0x400)
 *fill*         0x20000260      0x400 
                0x20000660                __cy_heap_limit = .

.stack          0x20000c00      0x400
                0x20000c00                __cy_stack_limit = .
                0x20001000                . = (. + 0x400)
 *fill*         0x20000c00      0x400 
                0x00000001                ASSERT ((__cy_stack_limit >= __cy_heap_limit), region RAM overflowed with stack)
                0x00000000                cy_checksum_exclude_size = (CY_APPL_LOADABLE == 0x1)?SIZEOF (.cy_checksum_exclude):0x0
                0x00000001                ASSERT ((cy_checksum_exclude_size <= CY_CHECKSUM_EXCLUDE_SIZE), CY_BOOT: Section .cy_checksum_exclude size exceedes specified limit.)
                0x00007fc0                cyloadermeta_start = (cy_project_type_bootloader || cy_project_type_app_for_stack_and_copier)?(LENGTH (rom) - CY_METADATA_SIZE):0xf0000000

.cyloadermeta
 *(.cyloadermeta)
                0x00007fc0                cyloadablemeta_start = cy_project_type_app_for_stack_and_copier?((LENGTH (rom) - CY_FLASH_ROW_SIZE) - CY_METADATA_SIZE):((LENGTH (rom) - (CY_FLASH_ROW_SIZE * (CY_APPL_NUM - 0x1))) - CY_METADATA_SIZE)

.cyloadablemeta
 *(.cyloadablemeta)

.cyflashprotect
                0x90400000       0x20
 *(.cyflashprotect)
 .cyflashprotect
                0x90400000       0x20 .\CortexM0\ARM_GCC_541\Debug\cymetadata.o
                0x90400000                cy_meta_flashprotect

.cymeta         0x90500000        0xc
 *(.cymeta)
 .cymeta        0x90500000        0xc .\CortexM0\ARM_GCC_541\Debug\cymetadata.o
                0x90500000                cy_metadata

.cychipprotect  0x90600000        0x1
 *(.cychipprotect)
 .cychipprotect
                0x90600000        0x1 .\CortexM0\ARM_GCC_541\Debug\cymetadata.o
                0x90600000                cy_meta_chipprotect

.rel.dyn        0x00005760        0x0 load address 0x90600004
 .rel.iplt      0x00005760        0x0 c:/program files (x86)/cypress/psoc creator/4.2/psoc creator/import/gnu/arm/5.4.1/bin/../lib/gcc/arm-none-eabi/5.4.1/armv6-m/crtbegin.o

.stab
 *(.stab)

.stabstr
 *(.stabstr)

.debug
 *(.debug)

.line
 *(.line)

.debug_srcinfo
 *(.debug_srcinfo)

.debug_sfnames
 *(.debug_sfnames)

.debug_aranges  0x00000000      0x768
 *(.debug_aranges)
 .debug_aranges
                0x00000000       0x30 .\CortexM0\ARM_GCC_541\Debug\main.o
 .debug_aranges
                0x00000030       0x58 .\CortexM0\ARM_GCC_541\Debug\Data_and_Func.o
 .debug_aranges
                0x00000088       0x40 .\CortexM0\ARM_GCC_541\Debug\cyfitter_cfg.o
 .debug_aranges
                0x000000c8       0x18 .\CortexM0\ARM_GCC_541\Debug\cymetadata.o
 .debug_aranges
                0x000000e0       0x48 .\CortexM0\ARM_GCC_541\Debug\Cm0Start.o
 .debug_aranges
                0x00000128       0xf0 .\CortexM0\ARM_GCC_541\Debug\PSoC 4 Wi-Fi Module Test.a(UART.o)
 .debug_aranges
                0x00000218       0x20 .\CortexM0\ARM_GCC_541\Debug\PSoC 4 Wi-Fi Module Test.a(UART_INT.o)
 .debug_aranges
                0x00000238       0x48 .\CortexM0\ARM_GCC_541\Debug\PSoC 4 Wi-Fi Module Test.a(RST.o)
 .debug_aranges
                0x00000280       0x80 .\CortexM0\ARM_GCC_541\Debug\PSoC 4 Wi-Fi Module Test.a(Rx_Int.o)
 .debug_aranges
                0x00000300       0x40 .\CortexM0\ARM_GCC_541\Debug\PSoC 4 Wi-Fi Module Test.a(UART_IntClock.o)
 .debug_aranges
                0x00000340      0x180 .\CortexM0\ARM_GCC_541\Debug\PSoC 4 Wi-Fi Module Test.a(CyLib.o)
 .debug_aranges
                0x000004c0      0x138 .\CortexM0\ARM_GCC_541\Debug\PSoC 4 Wi-Fi Module Test.a(CyLFClk.o)
 .debug_aranges
                0x000005f8       0x70 .\CortexM0\ARM_GCC_541\Debug\PSoC 4 Wi-Fi Module Test.a(USB_UART.o)
 .debug_aranges
                0x00000668       0x60 .\CortexM0\ARM_GCC_541\Debug\PSoC 4 Wi-Fi Module Test.a(USB_UART_UART.o)
 .debug_aranges
                0x000006c8       0x20 .\CortexM0\ARM_GCC_541\Debug\PSoC 4 Wi-Fi Module Test.a(CyBootAsmGnu.o)
 .debug_aranges
                0x000006e8       0x60 .\CortexM0\ARM_GCC_541\Debug\PSoC 4 Wi-Fi Module Test.a(USB_UART_SPI_UART.o)
 .debug_aranges
                0x00000748       0x20 .\CortexM0\ARM_GCC_541\Debug\PSoC 4 Wi-Fi Module Test.a(USB_UART_SPI_UART_INT.o)

.debug_pubnames
 *(.debug_pubnames)

.debug_info     0x00000000     0x435d
 *(.debug_info .gnu.linkonce.wi.*)
 .debug_info    0x00000000      0x340 .\CortexM0\ARM_GCC_541\Debug\main.o
 .debug_info    0x00000340      0x63c .\CortexM0\ARM_GCC_541\Debug\Data_and_Func.o
 .debug_info    0x0000097c      0x51a .\CortexM0\ARM_GCC_541\Debug\cyfitter_cfg.o
 .debug_info    0x00000e96       0xf8 .\CortexM0\ARM_GCC_541\Debug\cymetadata.o
 .debug_info    0x00000f8e      0x3a2 .\CortexM0\ARM_GCC_541\Debug\Cm0Start.o
 .debug_info    0x00001330      0x792 .\CortexM0\ARM_GCC_541\Debug\PSoC 4 Wi-Fi Module Test.a(UART.o)
 .debug_info    0x00001ac2       0xf6 .\CortexM0\ARM_GCC_541\Debug\PSoC 4 Wi-Fi Module Test.a(UART_INT.o)
 .debug_info    0x00001bb8      0x19d .\CortexM0\ARM_GCC_541\Debug\PSoC 4 Wi-Fi Module Test.a(RST.o)
 .debug_info    0x00001d55      0x305 .\CortexM0\ARM_GCC_541\Debug\PSoC 4 Wi-Fi Module Test.a(Rx_Int.o)
 .debug_info    0x0000205a      0x14e .\CortexM0\ARM_GCC_541\Debug\PSoC 4 Wi-Fi Module Test.a(UART_IntClock.o)
 .debug_info    0x000021a8      0xaec .\CortexM0\ARM_GCC_541\Debug\PSoC 4 Wi-Fi Module Test.a(CyLib.o)
 .debug_info    0x00002c94      0xcfe .\CortexM0\ARM_GCC_541\Debug\PSoC 4 Wi-Fi Module Test.a(CyLFClk.o)
 .debug_info    0x00003992      0x2fb .\CortexM0\ARM_GCC_541\Debug\PSoC 4 Wi-Fi Module Test.a(USB_UART.o)
 .debug_info    0x00003c8d      0x335 .\CortexM0\ARM_GCC_541\Debug\PSoC 4 Wi-Fi Module Test.a(USB_UART_UART.o)
 .debug_info    0x00003fc2       0xbd .\CortexM0\ARM_GCC_541\Debug\PSoC 4 Wi-Fi Module Test.a(CyBootAsmGnu.o)
 .debug_info    0x0000407f      0x220 .\CortexM0\ARM_GCC_541\Debug\PSoC 4 Wi-Fi Module Test.a(USB_UART_SPI_UART.o)
 .debug_info    0x0000429f       0xbe .\CortexM0\ARM_GCC_541\Debug\PSoC 4 Wi-Fi Module Test.a(USB_UART_SPI_UART_INT.o)

.debug_abbrev   0x00000000     0x1388
 *(.debug_abbrev)
 .debug_abbrev  0x00000000      0x111 .\CortexM0\ARM_GCC_541\Debug\main.o
 .debug_abbrev  0x00000111      0x145 .\CortexM0\ARM_GCC_541\Debug\Data_and_Func.o
 .debug_abbrev  0x00000256      0x1d4 .\CortexM0\ARM_GCC_541\Debug\cyfitter_cfg.o
 .debug_abbrev  0x0000042a       0x5d .\CortexM0\ARM_GCC_541\Debug\cymetadata.o
 .debug_abbrev  0x00000487      0x1d7 .\CortexM0\ARM_GCC_541\Debug\Cm0Start.o
 .debug_abbrev  0x0000065e      0x16f .\CortexM0\ARM_GCC_541\Debug\PSoC 4 Wi-Fi Module Test.a(UART.o)
 .debug_abbrev  0x000007cd       0x79 .\CortexM0\ARM_GCC_541\Debug\PSoC 4 Wi-Fi Module Test.a(UART_INT.o)
 .debug_abbrev  0x00000846       0xc8 .\CortexM0\ARM_GCC_541\Debug\PSoC 4 Wi-Fi Module Test.a(RST.o)
 .debug_abbrev  0x0000090e      0x19a .\CortexM0\ARM_GCC_541\Debug\PSoC 4 Wi-Fi Module Test.a(Rx_Int.o)
 .debug_abbrev  0x00000aa8       0xb7 .\CortexM0\ARM_GCC_541\Debug\PSoC 4 Wi-Fi Module Test.a(UART_IntClock.o)
 .debug_abbrev  0x00000b5f      0x1e0 .\CortexM0\ARM_GCC_541\Debug\PSoC 4 Wi-Fi Module Test.a(CyLib.o)
 .debug_abbrev  0x00000d3f      0x210 .\CortexM0\ARM_GCC_541\Debug\PSoC 4 Wi-Fi Module Test.a(CyLFClk.o)
 .debug_abbrev  0x00000f4f      0x130 .\CortexM0\ARM_GCC_541\Debug\PSoC 4 Wi-Fi Module Test.a(USB_UART.o)
 .debug_abbrev  0x0000107f      0x136 .\CortexM0\ARM_GCC_541\Debug\PSoC 4 Wi-Fi Module Test.a(USB_UART_UART.o)
 .debug_abbrev  0x000011b5       0x14 .\CortexM0\ARM_GCC_541\Debug\PSoC 4 Wi-Fi Module Test.a(CyBootAsmGnu.o)
 .debug_abbrev  0x000011c9      0x14f .\CortexM0\ARM_GCC_541\Debug\PSoC 4 Wi-Fi Module Test.a(USB_UART_SPI_UART.o)
 .debug_abbrev  0x00001318       0x70 .\CortexM0\ARM_GCC_541\Debug\PSoC 4 Wi-Fi Module Test.a(USB_UART_SPI_UART_INT.o)

.debug_line     0x00000000     0x1be0
 *(.debug_line)
 .debug_line    0x00000000      0x101 .\CortexM0\ARM_GCC_541\Debug\main.o
 .debug_line    0x00000101      0x1d7 .\CortexM0\ARM_GCC_541\Debug\Data_and_Func.o
 .debug_line    0x000002d8      0x1a1 .\CortexM0\ARM_GCC_541\Debug\cyfitter_cfg.o
 .debug_line    0x00000479      0x141 .\CortexM0\ARM_GCC_541\Debug\cymetadata.o
 .debug_line    0x000005ba      0x235 .\CortexM0\ARM_GCC_541\Debug\Cm0Start.o
 .debug_line    0x000007ef      0x31a .\CortexM0\ARM_GCC_541\Debug\PSoC 4 Wi-Fi Module Test.a(UART.o)
 .debug_line    0x00000b09       0x80 .\CortexM0\ARM_GCC_541\Debug\PSoC 4 Wi-Fi Module Test.a(UART_INT.o)
 .debug_line    0x00000b89       0xbb .\CortexM0\ARM_GCC_541\Debug\PSoC 4 Wi-Fi Module Test.a(RST.o)
 .debug_line    0x00000c44      0x14e .\CortexM0\ARM_GCC_541\Debug\PSoC 4 Wi-Fi Module Test.a(Rx_Int.o)
 .debug_line    0x00000d92       0xb3 .\CortexM0\ARM_GCC_541\Debug\PSoC 4 Wi-Fi Module Test.a(UART_IntClock.o)
 .debug_line    0x00000e45      0x460 .\CortexM0\ARM_GCC_541\Debug\PSoC 4 Wi-Fi Module Test.a(CyLib.o)
 .debug_line    0x000012a5      0x466 .\CortexM0\ARM_GCC_541\Debug\PSoC 4 Wi-Fi Module Test.a(CyLFClk.o)
 .debug_line    0x0000170b      0x163 .\CortexM0\ARM_GCC_541\Debug\PSoC 4 Wi-Fi Module Test.a(USB_UART.o)
 .debug_line    0x0000186e      0x166 .\CortexM0\ARM_GCC_541\Debug\PSoC 4 Wi-Fi Module Test.a(USB_UART_UART.o)
 .debug_line    0x000019d4       0x69 .\CortexM0\ARM_GCC_541\Debug\PSoC 4 Wi-Fi Module Test.a(CyBootAsmGnu.o)
 .debug_line    0x00001a3d      0x11e .\CortexM0\ARM_GCC_541\Debug\PSoC 4 Wi-Fi Module Test.a(USB_UART_SPI_UART.o)
 .debug_line    0x00001b5b       0x85 .\CortexM0\ARM_GCC_541\Debug\PSoC 4 Wi-Fi Module Test.a(USB_UART_SPI_UART_INT.o)

.debug_frame    0x00000000     0x1b94
 *(.debug_frame)
 .debug_frame   0x00000000       0x58 .\CortexM0\ARM_GCC_541\Debug\main.o
 .debug_frame   0x00000058       0xfc .\CortexM0\ARM_GCC_541\Debug\Data_and_Func.o
 .debug_frame   0x00000154       0xac .\CortexM0\ARM_GCC_541\Debug\cyfitter_cfg.o
 .debug_frame   0x00000200       0xbc .\CortexM0\ARM_GCC_541\Debug\Cm0Start.o
 .debug_frame   0x000002bc      0x264 .\CortexM0\ARM_GCC_541\Debug\PSoC 4 Wi-Fi Module Test.a(UART.o)
 .debug_frame   0x00000520       0x20 .\CortexM0\ARM_GCC_541\Debug\PSoC 4 Wi-Fi Module Test.a(UART_INT.o)
 .debug_frame   0x00000540       0x70 .\CortexM0\ARM_GCC_541\Debug\PSoC 4 Wi-Fi Module Test.a(RST.o)
 .debug_frame   0x000005b0      0x110 .\CortexM0\ARM_GCC_541\Debug\PSoC 4 Wi-Fi Module Test.a(Rx_Int.o)
 .debug_frame   0x000006c0       0x60 .\CortexM0\ARM_GCC_541\Debug\PSoC 4 Wi-Fi Module Test.a(UART_IntClock.o)
 .debug_frame   0x00000720      0x3e0 .\CortexM0\ARM_GCC_541\Debug\PSoC 4 Wi-Fi Module Test.a(CyLib.o)
 .debug_frame   0x00000b00      0x3a8 .\CortexM0\ARM_GCC_541\Debug\PSoC 4 Wi-Fi Module Test.a(CyLFClk.o)
 .debug_frame   0x00000ea8      0x114 .\CortexM0\ARM_GCC_541\Debug\PSoC 4 Wi-Fi Module Test.a(USB_UART.o)
 .debug_frame   0x00000fbc       0xe0 .\CortexM0\ARM_GCC_541\Debug\PSoC 4 Wi-Fi Module Test.a(USB_UART_UART.o)
 .debug_frame   0x0000109c       0xb0 .\CortexM0\ARM_GCC_541\Debug\PSoC 4 Wi-Fi Module Test.a(USB_UART_SPI_UART.o)
 .debug_frame   0x0000114c       0x2c .\CortexM0\ARM_GCC_541\Debug\PSoC 4 Wi-Fi Module Test.a(USB_UART_SPI_UART_INT.o)
 .debug_frame   0x00001178       0x20 c:/program files (x86)/cypress/psoc creator/4.2/psoc creator/import/gnu/arm/5.4.1/bin/../lib/gcc/arm-none-eabi/5.4.1/armv6-m\libgcc.a(_udivsi3.o)
 .debug_frame   0x00001198       0x20 c:/program files (x86)/cypress/psoc creator/4.2/psoc creator/import/gnu/arm/5.4.1/bin/../lib/gcc/arm-none-eabi/5.4.1/../../../../arm-none-eabi/lib/armv6-m\libg_nano.a(lib_a-errno.o)
 .debug_frame   0x000011b8       0x28 c:/program files (x86)/cypress/psoc creator/4.2/psoc creator/import/gnu/arm/5.4.1/bin/../lib/gcc/arm-none-eabi/5.4.1/../../../../arm-none-eabi/lib/armv6-m\libg_nano.a(lib_a-exit.o)
 .debug_frame   0x000011e0       0x2c c:/program files (x86)/cypress/psoc creator/4.2/psoc creator/import/gnu/arm/5.4.1/bin/../lib/gcc/arm-none-eabi/5.4.1/../../../../arm-none-eabi/lib/armv6-m\libg_nano.a(lib_a-init.o)
 .debug_frame   0x0000120c       0x28 c:/program files (x86)/cypress/psoc creator/4.2/psoc creator/import/gnu/arm/5.4.1/bin/../lib/gcc/arm-none-eabi/5.4.1/../../../../arm-none-eabi/lib/armv6-m\libg_nano.a(lib_a-memcpy-stub.o)
 .debug_frame   0x00001234       0x20 c:/program files (x86)/cypress/psoc creator/4.2/psoc creator/import/gnu/arm/5.4.1/bin/../lib/gcc/arm-none-eabi/5.4.1/../../../../arm-none-eabi/lib/armv6-m\libg_nano.a(lib_a-memset.o)
 .debug_frame   0x00001254       0x74 c:/program files (x86)/cypress/psoc creator/4.2/psoc creator/import/gnu/arm/5.4.1/bin/../lib/gcc/arm-none-eabi/5.4.1/../../../../arm-none-eabi/lib/armv6-m\libg_nano.a(lib_a-nano-vfprintf_float.o)
 .debug_frame   0x000012c8       0x54 c:/program files (x86)/cypress/psoc creator/4.2/psoc creator/import/gnu/arm/5.4.1/bin/../lib/gcc/arm-none-eabi/5.4.1/../../../../arm-none-eabi/lib/armv6-m\libg_nano.a(lib_a-nano-vfprintf_i.o)
 .debug_frame   0x0000131c       0x50 c:/program files (x86)/cypress/psoc creator/4.2/psoc creator/import/gnu/arm/5.4.1/bin/../lib/gcc/arm-none-eabi/5.4.1/../../../../arm-none-eabi/lib/armv6-m\libg_nano.a(lib_a-sprintf.o)
 .debug_frame   0x0000136c       0x54 c:/program files (x86)/cypress/psoc creator/4.2/psoc creator/import/gnu/arm/5.4.1/bin/../lib/gcc/arm-none-eabi/5.4.1/../../../../arm-none-eabi/lib/armv6-m\libg_nano.a(lib_a-dtoa.o)
 .debug_frame   0x000013c0       0xa4 c:/program files (x86)/cypress/psoc creator/4.2/psoc creator/import/gnu/arm/5.4.1/bin/../lib/gcc/arm-none-eabi/5.4.1/../../../../arm-none-eabi/lib/armv6-m\libg_nano.a(lib_a-locale.o)
 .debug_frame   0x00001464       0x40 c:/program files (x86)/cypress/psoc creator/4.2/psoc creator/import/gnu/arm/5.4.1/bin/../lib/gcc/arm-none-eabi/5.4.1/../../../../arm-none-eabi/lib/armv6-m\libg_nano.a(lib_a-malloc.o)
 .debug_frame   0x000014a4       0x20 c:/program files (x86)/cypress/psoc creator/4.2/psoc creator/import/gnu/arm/5.4.1/bin/../lib/gcc/arm-none-eabi/5.4.1/../../../../arm-none-eabi/lib/armv6-m\libg_nano.a(lib_a-memchr-stub.o)
 .debug_frame   0x000014c4      0x238 c:/program files (x86)/cypress/psoc creator/4.2/psoc creator/import/gnu/arm/5.4.1/bin/../lib/gcc/arm-none-eabi/5.4.1/../../../../arm-none-eabi/lib/armv6-m\libg_nano.a(lib_a-mprec.o)
 .debug_frame   0x000016fc       0x2c c:/program files (x86)/cypress/psoc creator/4.2/psoc creator/import/gnu/arm/5.4.1/bin/../lib/gcc/arm-none-eabi/5.4.1/../../../../arm-none-eabi/lib/armv6-m\libg_nano.a(lib_a-nano-callocr.o)
 .debug_frame   0x00001728       0x2c c:/program files (x86)/cypress/psoc creator/4.2/psoc creator/import/gnu/arm/5.4.1/bin/../lib/gcc/arm-none-eabi/5.4.1/../../../../arm-none-eabi/lib/armv6-m\libg_nano.a(lib_a-nano-freer.o)
 .debug_frame   0x00001754       0x2c c:/program files (x86)/cypress/psoc creator/4.2/psoc creator/import/gnu/arm/5.4.1/bin/../lib/gcc/arm-none-eabi/5.4.1/../../../../arm-none-eabi/lib/armv6-m\libg_nano.a(lib_a-nano-mallocr.o)
 .debug_frame   0x00001780       0x74 c:/program files (x86)/cypress/psoc creator/4.2/psoc creator/import/gnu/arm/5.4.1/bin/../lib/gcc/arm-none-eabi/5.4.1/../../../../arm-none-eabi/lib/armv6-m\libg_nano.a(lib_a-nano-svfprintf.o)
 .debug_frame   0x000017f4       0x2c c:/program files (x86)/cypress/psoc creator/4.2/psoc creator/import/gnu/arm/5.4.1/bin/../lib/gcc/arm-none-eabi/5.4.1/../../../../arm-none-eabi/lib/armv6-m\libg_nano.a(lib_a-sbrkr.o)
 .debug_frame   0x00001820       0x20 c:/program files (x86)/cypress/psoc creator/4.2/psoc creator/import/gnu/arm/5.4.1/bin/../lib/gcc/arm-none-eabi/5.4.1/../../../../arm-none-eabi/lib/armv6-m\libg_nano.a(lib_a-strcmp.o)
 .debug_frame   0x00001840       0x28 c:/program files (x86)/cypress/psoc creator/4.2/psoc creator/import/gnu/arm/5.4.1/bin/../lib/gcc/arm-none-eabi/5.4.1/../../../../arm-none-eabi/lib/armv6-m\libg_nano.a(lib_a-memmove.o)
 .debug_frame   0x00001868       0x30 c:/program files (x86)/cypress/psoc creator/4.2/psoc creator/import/gnu/arm/5.4.1/bin/../lib/gcc/arm-none-eabi/5.4.1/../../../../arm-none-eabi/lib/armv6-m\libg_nano.a(lib_a-mlock.o)
 .debug_frame   0x00001898       0x30 c:/program files (x86)/cypress/psoc creator/4.2/psoc creator/import/gnu/arm/5.4.1/bin/../lib/gcc/arm-none-eabi/5.4.1/../../../../arm-none-eabi/lib/armv6-m\libg_nano.a(lib_a-nano-reallocr.o)
 .debug_frame   0x000018c8       0x48 c:/program files (x86)/cypress/psoc creator/4.2/psoc creator/import/gnu/arm/5.4.1/bin/../lib/gcc/arm-none-eabi/5.4.1/../../../../arm-none-eabi/lib/armv6-m\libg_nano.a(lib_a-reent.o)
 .debug_frame   0x00001910       0x20 c:/program files (x86)/cypress/psoc creator/4.2/psoc creator/import/gnu/arm/5.4.1/bin/../lib/gcc/arm-none-eabi/5.4.1/../../../../arm-none-eabi/lib/armv6-m\libg_nano.a(lib_a-nano-msizer.o)
 .debug_frame   0x00001930       0x20 c:/program files (x86)/cypress/psoc creator/4.2/psoc creator/import/gnu/arm/5.4.1/bin/../lib/gcc/arm-none-eabi/5.4.1/armv6-m\libgcc.a(_divsi3.o)
 .debug_frame   0x00001950       0x3c c:/program files (x86)/cypress/psoc creator/4.2/psoc creator/import/gnu/arm/5.4.1/bin/../lib/gcc/arm-none-eabi/5.4.1/armv6-m\libgcc.a(adddf3.o)
 .debug_frame   0x0000198c       0x3c c:/program files (x86)/cypress/psoc creator/4.2/psoc creator/import/gnu/arm/5.4.1/bin/../lib/gcc/arm-none-eabi/5.4.1/armv6-m\libgcc.a(divdf3.o)
 .debug_frame   0x000019c8       0x38 c:/program files (x86)/cypress/psoc creator/4.2/psoc creator/import/gnu/arm/5.4.1/bin/../lib/gcc/arm-none-eabi/5.4.1/armv6-m\libgcc.a(eqdf2.o)
 .debug_frame   0x00001a00       0x38 c:/program files (x86)/cypress/psoc creator/4.2/psoc creator/import/gnu/arm/5.4.1/bin/../lib/gcc/arm-none-eabi/5.4.1/armv6-m\libgcc.a(gedf2.o)
 .debug_frame   0x00001a38       0x38 c:/program files (x86)/cypress/psoc creator/4.2/psoc creator/import/gnu/arm/5.4.1/bin/../lib/gcc/arm-none-eabi/5.4.1/armv6-m\libgcc.a(ledf2.o)
 .debug_frame   0x00001a70       0x3c c:/program files (x86)/cypress/psoc creator/4.2/psoc creator/import/gnu/arm/5.4.1/bin/../lib/gcc/arm-none-eabi/5.4.1/armv6-m\libgcc.a(muldf3.o)
 .debug_frame   0x00001aac       0x38 c:/program files (x86)/cypress/psoc creator/4.2/psoc creator/import/gnu/arm/5.4.1/bin/../lib/gcc/arm-none-eabi/5.4.1/armv6-m\libgcc.a(subdf3.o)
 .debug_frame   0x00001ae4       0x2c c:/program files (x86)/cypress/psoc creator/4.2/psoc creator/import/gnu/arm/5.4.1/bin/../lib/gcc/arm-none-eabi/5.4.1/armv6-m\libgcc.a(unorddf2.o)
 .debug_frame   0x00001b10       0x2c c:/program files (x86)/cypress/psoc creator/4.2/psoc creator/import/gnu/arm/5.4.1/bin/../lib/gcc/arm-none-eabi/5.4.1/armv6-m\libgcc.a(fixdfsi.o)
 .debug_frame   0x00001b3c       0x2c c:/program files (x86)/cypress/psoc creator/4.2/psoc creator/import/gnu/arm/5.4.1/bin/../lib/gcc/arm-none-eabi/5.4.1/armv6-m\libgcc.a(floatsidf.o)
 .debug_frame   0x00001b68       0x2c c:/program files (x86)/cypress/psoc creator/4.2/psoc creator/import/gnu/arm/5.4.1/bin/../lib/gcc/arm-none-eabi/5.4.1/armv6-m\libgcc.a(floatunsidf.o)

.debug_str      0x00000000     0x1906
 *(.debug_str)
 .debug_str     0x00000000      0x26b .\CortexM0\ARM_GCC_541\Debug\main.o
                                0x2b6 (size before relaxing)
 .debug_str     0x0000026b       0xed .\CortexM0\ARM_GCC_541\Debug\Data_and_Func.o
                                0x324 (size before relaxing)
 .debug_str     0x00000358      0x183 .\CortexM0\ARM_GCC_541\Debug\cyfitter_cfg.o
                                0x361 (size before relaxing)
 .debug_str     0x000004db       0x63 .\CortexM0\ARM_GCC_541\Debug\cymetadata.o
                                0x1f5 (size before relaxing)
 .debug_str     0x0000053e      0x13a .\CortexM0\ARM_GCC_541\Debug\Cm0Start.o
                                0x32e (size before relaxing)
 .debug_str     0x00000678      0x2b7 .\CortexM0\ARM_GCC_541\Debug\PSoC 4 Wi-Fi Module Test.a(UART.o)
                                0x551 (size before relaxing)
 .debug_str     0x0000092f       0x2d .\CortexM0\ARM_GCC_541\Debug\PSoC 4 Wi-Fi Module Test.a(UART_INT.o)
                                0x213 (size before relaxing)
 .debug_str     0x0000095c       0x98 .\CortexM0\ARM_GCC_541\Debug\PSoC 4 Wi-Fi Module Test.a(RST.o)
                                0x255 (size before relaxing)
 .debug_str     0x000009f4      0x10c .\CortexM0\ARM_GCC_541\Debug\PSoC 4 Wi-Fi Module Test.a(Rx_Int.o)
                                0x325 (size before relaxing)
 .debug_str     0x00000b00       0xc6 .\CortexM0\ARM_GCC_541\Debug\PSoC 4 Wi-Fi Module Test.a(UART_IntClock.o)
                                0x29a (size before relaxing)
 .debug_str     0x00000bc6      0x42d .\CortexM0\ARM_GCC_541\Debug\PSoC 4 Wi-Fi Module Test.a(CyLib.o)
                                0x6e3 (size before relaxing)
 .debug_str     0x00000ff3      0x52b .\CortexM0\ARM_GCC_541\Debug\PSoC 4 Wi-Fi Module Test.a(CyLFClk.o)
                                0x76a (size before relaxing)
 .debug_str     0x0000151e      0x1a5 .\CortexM0\ARM_GCC_541\Debug\PSoC 4 Wi-Fi Module Test.a(USB_UART.o)
                                0x3a1 (size before relaxing)
 .debug_str     0x000016c3       0xff .\CortexM0\ARM_GCC_541\Debug\PSoC 4 Wi-Fi Module Test.a(USB_UART_UART.o)
                                0x39a (size before relaxing)
 .debug_str     0x000017c2       0xff .\CortexM0\ARM_GCC_541\Debug\PSoC 4 Wi-Fi Module Test.a(USB_UART_SPI_UART.o)
                                0x323 (size before relaxing)
 .debug_str     0x000018c1       0x45 .\CortexM0\ARM_GCC_541\Debug\PSoC 4 Wi-Fi Module Test.a(USB_UART_SPI_UART_INT.o)
                                0x215 (size before relaxing)

.debug_loc      0x00000000     0x1ad8
 *(.debug_loc)
 .debug_loc     0x00000000      0x1b4 .\CortexM0\ARM_GCC_541\Debug\Data_and_Func.o
 .debug_loc     0x000001b4      0x1fe .\CortexM0\ARM_GCC_541\Debug\cyfitter_cfg.o
 .debug_loc     0x000003b2      0x14f .\CortexM0\ARM_GCC_541\Debug\Cm0Start.o
 .debug_loc     0x00000501      0x2c5 .\CortexM0\ARM_GCC_541\Debug\PSoC 4 Wi-Fi Module Test.a(UART.o)
 .debug_loc     0x000007c6       0xa2 .\CortexM0\ARM_GCC_541\Debug\PSoC 4 Wi-Fi Module Test.a(RST.o)
 .debug_loc     0x00000868       0x82 .\CortexM0\ARM_GCC_541\Debug\PSoC 4 Wi-Fi Module Test.a(Rx_Int.o)
 .debug_loc     0x000008ea       0x13 .\CortexM0\ARM_GCC_541\Debug\PSoC 4 Wi-Fi Module Test.a(UART_IntClock.o)
 .debug_loc     0x000008fd      0x599 .\CortexM0\ARM_GCC_541\Debug\PSoC 4 Wi-Fi Module Test.a(CyLib.o)
 .debug_loc     0x00000e96      0x9b5 .\CortexM0\ARM_GCC_541\Debug\PSoC 4 Wi-Fi Module Test.a(CyLFClk.o)
 .debug_loc     0x0000184b       0x7e .\CortexM0\ARM_GCC_541\Debug\PSoC 4 Wi-Fi Module Test.a(USB_UART.o)
 .debug_loc     0x000018c9      0x179 .\CortexM0\ARM_GCC_541\Debug\PSoC 4 Wi-Fi Module Test.a(USB_UART_UART.o)
 .debug_loc     0x00001a42       0x96 .\CortexM0\ARM_GCC_541\Debug\PSoC 4 Wi-Fi Module Test.a(USB_UART_SPI_UART.o)

.debug_macinfo
 *(.debug_macinfo)

.debug_ranges   0x00000000      0x640
 *(.debug_ranges)
 .debug_ranges  0x00000000       0x20 .\CortexM0\ARM_GCC_541\Debug\main.o
 .debug_ranges  0x00000020       0x48 .\CortexM0\ARM_GCC_541\Debug\Data_and_Func.o
 .debug_ranges  0x00000068       0x30 .\CortexM0\ARM_GCC_541\Debug\cyfitter_cfg.o
 .debug_ranges  0x00000098       0x38 .\CortexM0\ARM_GCC_541\Debug\Cm0Start.o
 .debug_ranges  0x000000d0       0xe0 .\CortexM0\ARM_GCC_541\Debug\PSoC 4 Wi-Fi Module Test.a(UART.o)
 .debug_ranges  0x000001b0       0x10 .\CortexM0\ARM_GCC_541\Debug\PSoC 4 Wi-Fi Module Test.a(UART_INT.o)
 .debug_ranges  0x000001c0       0x38 .\CortexM0\ARM_GCC_541\Debug\PSoC 4 Wi-Fi Module Test.a(RST.o)
 .debug_ranges  0x000001f8       0x70 .\CortexM0\ARM_GCC_541\Debug\PSoC 4 Wi-Fi Module Test.a(Rx_Int.o)
 .debug_ranges  0x00000268       0x30 .\CortexM0\ARM_GCC_541\Debug\PSoC 4 Wi-Fi Module Test.a(UART_IntClock.o)
 .debug_ranges  0x00000298      0x170 .\CortexM0\ARM_GCC_541\Debug\PSoC 4 Wi-Fi Module Test.a(CyLib.o)
 .debug_ranges  0x00000408      0x128 .\CortexM0\ARM_GCC_541\Debug\PSoC 4 Wi-Fi Module Test.a(CyLFClk.o)
 .debug_ranges  0x00000530       0x60 .\CortexM0\ARM_GCC_541\Debug\PSoC 4 Wi-Fi Module Test.a(USB_UART.o)
 .debug_ranges  0x00000590       0x50 .\CortexM0\ARM_GCC_541\Debug\PSoC 4 Wi-Fi Module Test.a(USB_UART_UART.o)
 .debug_ranges  0x000005e0       0x50 .\CortexM0\ARM_GCC_541\Debug\PSoC 4 Wi-Fi Module Test.a(USB_UART_SPI_UART.o)
 .debug_ranges  0x00000630       0x10 .\CortexM0\ARM_GCC_541\Debug\PSoC 4 Wi-Fi Module Test.a(USB_UART_SPI_UART_INT.o)

.comment        0x00000000       0x6e
 .comment       0x00000000       0x6e .\CortexM0\ARM_GCC_541\Debug\main.o
                                 0x6f (size before relaxing)
 .comment       0x0000006e       0x6f .\CortexM0\ARM_GCC_541\Debug\Data_and_Func.o
 .comment       0x0000006e       0x6f .\CortexM0\ARM_GCC_541\Debug\cyfitter_cfg.o
 .comment       0x0000006e       0x6f .\CortexM0\ARM_GCC_541\Debug\cymetadata.o
 .comment       0x0000006e       0x6f .\CortexM0\ARM_GCC_541\Debug\Cm0Start.o
 .comment       0x0000006e       0x6f .\CortexM0\ARM_GCC_541\Debug\PSoC 4 Wi-Fi Module Test.a(UART.o)
 .comment       0x0000006e       0x6f .\CortexM0\ARM_GCC_541\Debug\PSoC 4 Wi-Fi Module Test.a(UART_INT.o)
 .comment       0x0000006e       0x6f .\CortexM0\ARM_GCC_541\Debug\PSoC 4 Wi-Fi Module Test.a(RST.o)
 .comment       0x0000006e       0x6f .\CortexM0\ARM_GCC_541\Debug\PSoC 4 Wi-Fi Module Test.a(Rx_Int.o)
 .comment       0x0000006e       0x6f .\CortexM0\ARM_GCC_541\Debug\PSoC 4 Wi-Fi Module Test.a(UART_IntClock.o)
 .comment       0x0000006e       0x6f .\CortexM0\ARM_GCC_541\Debug\PSoC 4 Wi-Fi Module Test.a(CyLib.o)
 .comment       0x0000006e       0x6f .\CortexM0\ARM_GCC_541\Debug\PSoC 4 Wi-Fi Module Test.a(CyLFClk.o)
 .comment       0x0000006e       0x6f .\CortexM0\ARM_GCC_541\Debug\PSoC 4 Wi-Fi Module Test.a(USB_UART.o)
 .comment       0x0000006e       0x6f .\CortexM0\ARM_GCC_541\Debug\PSoC 4 Wi-Fi Module Test.a(USB_UART_UART.o)
 .comment       0x0000006e       0x6f .\CortexM0\ARM_GCC_541\Debug\PSoC 4 Wi-Fi Module Test.a(USB_UART_SPI_UART.o)
 .comment       0x0000006e       0x6f .\CortexM0\ARM_GCC_541\Debug\PSoC 4 Wi-Fi Module Test.a(USB_UART_SPI_UART_INT.o)

.debug_weaknames
 *(.debug_weaknames)

.debug_funcnames
 *(.debug_funcnames)

.debug_typenames
 *(.debug_typenames)

.debug_varnames
 *(.debug_varnames)

.note.gnu.arm.ident
 *(.note.gnu.arm.ident)

.ARM.attributes
                0x00000000       0x28
 *(.ARM.attributes)
 .ARM.attributes
                0x00000000       0x1e c:/program files (x86)/cypress/psoc creator/4.2/psoc creator/import/gnu/arm/5.4.1/bin/../lib/gcc/arm-none-eabi/5.4.1/armv6-m/crti.o
 .ARM.attributes
                0x0000001e       0x2c c:/program files (x86)/cypress/psoc creator/4.2/psoc creator/import/gnu/arm/5.4.1/bin/../lib/gcc/arm-none-eabi/5.4.1/armv6-m/crtbegin.o
 .ARM.attributes
                0x0000004a       0x1b c:/program files (x86)/cypress/psoc creator/4.2/psoc creator/import/gnu/arm/5.4.1/bin/../lib/gcc/arm-none-eabi/5.4.1/../../../../arm-none-eabi/lib/armv6-m/crt0.o
 .ARM.attributes
                0x00000065       0x31 .\CortexM0\ARM_GCC_541\Debug\main.o
 .ARM.attributes
                0x00000096       0x31 .\CortexM0\ARM_GCC_541\Debug\Data_and_Func.o
 .ARM.attributes
                0x000000c7       0x31 .\CortexM0\ARM_GCC_541\Debug\cyfitter_cfg.o
 .ARM.attributes
                0x000000f8       0x31 .\CortexM0\ARM_GCC_541\Debug\cymetadata.o
 .ARM.attributes
                0x00000129       0x31 .\CortexM0\ARM_GCC_541\Debug\Cm0Start.o
 .ARM.attributes
                0x0000015a       0x31 .\CortexM0\ARM_GCC_541\Debug\PSoC 4 Wi-Fi Module Test.a(UART.o)
 .ARM.attributes
                0x0000018b       0x31 .\CortexM0\ARM_GCC_541\Debug\PSoC 4 Wi-Fi Module Test.a(UART_INT.o)
 .ARM.attributes
                0x000001bc       0x31 .\CortexM0\ARM_GCC_541\Debug\PSoC 4 Wi-Fi Module Test.a(RST.o)
 .ARM.attributes
                0x000001ed       0x31 .\CortexM0\ARM_GCC_541\Debug\PSoC 4 Wi-Fi Module Test.a(Rx_Int.o)
 .ARM.attributes
                0x0000021e       0x31 .\CortexM0\ARM_GCC_541\Debug\PSoC 4 Wi-Fi Module Test.a(UART_IntClock.o)
 .ARM.attributes
                0x0000024f       0x31 .\CortexM0\ARM_GCC_541\Debug\PSoC 4 Wi-Fi Module Test.a(CyLib.o)
 .ARM.attributes
                0x00000280       0x31 .\CortexM0\ARM_GCC_541\Debug\PSoC 4 Wi-Fi Module Test.a(CyLFClk.o)
 .ARM.attributes
                0x000002b1       0x31 .\CortexM0\ARM_GCC_541\Debug\PSoC 4 Wi-Fi Module Test.a(USB_UART.o)
 .ARM.attributes
                0x000002e2       0x31 .\CortexM0\ARM_GCC_541\Debug\PSoC 4 Wi-Fi Module Test.a(USB_UART_UART.o)
 .ARM.attributes
                0x00000313       0x21 .\CortexM0\ARM_GCC_541\Debug\PSoC 4 Wi-Fi Module Test.a(CyBootAsmGnu.o)
 .ARM.attributes
                0x00000334       0x31 .\CortexM0\ARM_GCC_541\Debug\PSoC 4 Wi-Fi Module Test.a(USB_UART_SPI_UART.o)
 .ARM.attributes
                0x00000365       0x31 .\CortexM0\ARM_GCC_541\Debug\PSoC 4 Wi-Fi Module Test.a(USB_UART_SPI_UART_INT.o)
 .ARM.attributes
                0x00000396       0x1e c:/program files (x86)/cypress/psoc creator/4.2/psoc creator/import/gnu/arm/5.4.1/bin/../lib/gcc/arm-none-eabi/5.4.1/armv6-m\libgcc.a(_udivsi3.o)
 .ARM.attributes
                0x000003b4       0x1e c:/program files (x86)/cypress/psoc creator/4.2/psoc creator/import/gnu/arm/5.4.1/bin/../lib/gcc/arm-none-eabi/5.4.1/armv6-m\libgcc.a(_dvmd_tls.o)
 .ARM.attributes
                0x000003d2       0x2c c:/program files (x86)/cypress/psoc creator/4.2/psoc creator/import/gnu/arm/5.4.1/bin/../lib/gcc/arm-none-eabi/5.4.1/../../../../arm-none-eabi/lib/armv6-m\libg_nano.a(lib_a-errno.o)
 .ARM.attributes
                0x000003fe       0x2c c:/program files (x86)/cypress/psoc creator/4.2/psoc creator/import/gnu/arm/5.4.1/bin/../lib/gcc/arm-none-eabi/5.4.1/../../../../arm-none-eabi/lib/armv6-m\libg_nano.a(lib_a-exit.o)
 .ARM.attributes
                0x0000042a       0x2c c:/program files (x86)/cypress/psoc creator/4.2/psoc creator/import/gnu/arm/5.4.1/bin/../lib/gcc/arm-none-eabi/5.4.1/../../../../arm-none-eabi/lib/armv6-m\libg_nano.a(lib_a-impure.o)
 .ARM.attributes
                0x00000456       0x2c c:/program files (x86)/cypress/psoc creator/4.2/psoc creator/import/gnu/arm/5.4.1/bin/../lib/gcc/arm-none-eabi/5.4.1/../../../../arm-none-eabi/lib/armv6-m\libg_nano.a(lib_a-init.o)
 .ARM.attributes
                0x00000482       0x2c c:/program files (x86)/cypress/psoc creator/4.2/psoc creator/import/gnu/arm/5.4.1/bin/../lib/gcc/arm-none-eabi/5.4.1/../../../../arm-none-eabi/lib/armv6-m\libg_nano.a(lib_a-memcpy-stub.o)
 .ARM.attributes
                0x000004ae       0x2c c:/program files (x86)/cypress/psoc creator/4.2/psoc creator/import/gnu/arm/5.4.1/bin/../lib/gcc/arm-none-eabi/5.4.1/../../../../arm-none-eabi/lib/armv6-m\libg_nano.a(lib_a-memset.o)
 .ARM.attributes
                0x000004da       0x2c c:/program files (x86)/cypress/psoc creator/4.2/psoc creator/import/gnu/arm/5.4.1/bin/../lib/gcc/arm-none-eabi/5.4.1/../../../../arm-none-eabi/lib/armv6-m\libg_nano.a(lib_a-nano-vfprintf_float.o)
 .ARM.attributes
                0x00000506       0x2c c:/program files (x86)/cypress/psoc creator/4.2/psoc creator/import/gnu/arm/5.4.1/bin/../lib/gcc/arm-none-eabi/5.4.1/../../../../arm-none-eabi/lib/armv6-m\libg_nano.a(lib_a-nano-vfprintf_i.o)
 .ARM.attributes
                0x00000532       0x2c c:/program files (x86)/cypress/psoc creator/4.2/psoc creator/import/gnu/arm/5.4.1/bin/../lib/gcc/arm-none-eabi/5.4.1/../../../../arm-none-eabi/lib/armv6-m\libg_nano.a(lib_a-sprintf.o)
 .ARM.attributes
                0x0000055e       0x1c c:/program files (x86)/cypress/psoc creator/4.2/psoc creator/import/gnu/arm/5.4.1/bin/../lib/gcc/arm-none-eabi/5.4.1/../../../../arm-none-eabi/lib/armv6-m\libg_nano.a(lib_a-strlen.o)
 .ARM.attributes
                0x0000057a       0x2c c:/program files (x86)/cypress/psoc creator/4.2/psoc creator/import/gnu/arm/5.4.1/bin/../lib/gcc/arm-none-eabi/5.4.1/../../../../arm-none-eabi/lib/armv6-m\libg_nano.a(lib_a-dtoa.o)
 .ARM.attributes
                0x000005a6       0x2c c:/program files (x86)/cypress/psoc creator/4.2/psoc creator/import/gnu/arm/5.4.1/bin/../lib/gcc/arm-none-eabi/5.4.1/../../../../arm-none-eabi/lib/armv6-m\libg_nano.a(lib_a-locale.o)
 .ARM.attributes
                0x000005d2       0x2c c:/program files (x86)/cypress/psoc creator/4.2/psoc creator/import/gnu/arm/5.4.1/bin/../lib/gcc/arm-none-eabi/5.4.1/../../../../arm-none-eabi/lib/armv6-m\libg_nano.a(lib_a-malloc.o)
 .ARM.attributes
                0x000005fe       0x2c c:/program files (x86)/cypress/psoc creator/4.2/psoc creator/import/gnu/arm/5.4.1/bin/../lib/gcc/arm-none-eabi/5.4.1/../../../../arm-none-eabi/lib/armv6-m\libg_nano.a(lib_a-memchr-stub.o)
 .ARM.attributes
                0x0000062a       0x2c c:/program files (x86)/cypress/psoc creator/4.2/psoc creator/import/gnu/arm/5.4.1/bin/../lib/gcc/arm-none-eabi/5.4.1/../../../../arm-none-eabi/lib/armv6-m\libg_nano.a(lib_a-mprec.o)
 .ARM.attributes
                0x00000656       0x2c c:/program files (x86)/cypress/psoc creator/4.2/psoc creator/import/gnu/arm/5.4.1/bin/../lib/gcc/arm-none-eabi/5.4.1/../../../../arm-none-eabi/lib/armv6-m\libg_nano.a(lib_a-nano-callocr.o)
 .ARM.attributes
                0x00000682       0x2c c:/program files (x86)/cypress/psoc creator/4.2/psoc creator/import/gnu/arm/5.4.1/bin/../lib/gcc/arm-none-eabi/5.4.1/../../../../arm-none-eabi/lib/armv6-m\libg_nano.a(lib_a-nano-freer.o)
 .ARM.attributes
                0x000006ae       0x2c c:/program files (x86)/cypress/psoc creator/4.2/psoc creator/import/gnu/arm/5.4.1/bin/../lib/gcc/arm-none-eabi/5.4.1/../../../../arm-none-eabi/lib/armv6-m\libg_nano.a(lib_a-nano-mallocr.o)
 .ARM.attributes
                0x000006da       0x2c c:/program files (x86)/cypress/psoc creator/4.2/psoc creator/import/gnu/arm/5.4.1/bin/../lib/gcc/arm-none-eabi/5.4.1/../../../../arm-none-eabi/lib/armv6-m\libg_nano.a(lib_a-nano-svfprintf.o)
 .ARM.attributes
                0x00000706       0x2c c:/program files (x86)/cypress/psoc creator/4.2/psoc creator/import/gnu/arm/5.4.1/bin/../lib/gcc/arm-none-eabi/5.4.1/../../../../arm-none-eabi/lib/armv6-m\libg_nano.a(lib_a-sbrkr.o)
 .ARM.attributes
                0x00000732       0x1c c:/program files (x86)/cypress/psoc creator/4.2/psoc creator/import/gnu/arm/5.4.1/bin/../lib/gcc/arm-none-eabi/5.4.1/../../../../arm-none-eabi/lib/armv6-m\libg_nano.a(lib_a-strcmp.o)
 .ARM.attributes
                0x0000074e       0x2c c:/program files (x86)/cypress/psoc creator/4.2/psoc creator/import/gnu/arm/5.4.1/bin/../lib/gcc/arm-none-eabi/5.4.1/../../../../arm-none-eabi/lib/armv6-m\libg_nano.a(lib_a-memmove.o)
 .ARM.attributes
                0x0000077a       0x2c c:/program files (x86)/cypress/psoc creator/4.2/psoc creator/import/gnu/arm/5.4.1/bin/../lib/gcc/arm-none-eabi/5.4.1/../../../../arm-none-eabi/lib/armv6-m\libg_nano.a(lib_a-mlock.o)
 .ARM.attributes
                0x000007a6       0x2c c:/program files (x86)/cypress/psoc creator/4.2/psoc creator/import/gnu/arm/5.4.1/bin/../lib/gcc/arm-none-eabi/5.4.1/../../../../arm-none-eabi/lib/armv6-m\libg_nano.a(lib_a-nano-reallocr.o)
 .ARM.attributes
                0x000007d2       0x2c c:/program files (x86)/cypress/psoc creator/4.2/psoc creator/import/gnu/arm/5.4.1/bin/../lib/gcc/arm-none-eabi/5.4.1/../../../../arm-none-eabi/lib/armv6-m\libg_nano.a(lib_a-reent.o)
 .ARM.attributes
                0x000007fe       0x2c c:/program files (x86)/cypress/psoc creator/4.2/psoc creator/import/gnu/arm/5.4.1/bin/../lib/gcc/arm-none-eabi/5.4.1/../../../../arm-none-eabi/lib/armv6-m\libg_nano.a(lib_a-nano-msizer.o)
 .ARM.attributes
                0x0000082a       0x1e c:/program files (x86)/cypress/psoc creator/4.2/psoc creator/import/gnu/arm/5.4.1/bin/../lib/gcc/arm-none-eabi/5.4.1/armv6-m\libgcc.a(_thumb1_case_uqi.o)
 .ARM.attributes
                0x00000848       0x1e c:/program files (x86)/cypress/psoc creator/4.2/psoc creator/import/gnu/arm/5.4.1/bin/../lib/gcc/arm-none-eabi/5.4.1/armv6-m\libgcc.a(_divsi3.o)
 .ARM.attributes
                0x00000866       0x1e c:/program files (x86)/cypress/psoc creator/4.2/psoc creator/import/gnu/arm/5.4.1/bin/../lib/gcc/arm-none-eabi/5.4.1/armv6-m\libgcc.a(_arm_cmpdf2.o)
 .ARM.attributes
                0x00000884       0x2c c:/program files (x86)/cypress/psoc creator/4.2/psoc creator/import/gnu/arm/5.4.1/bin/../lib/gcc/arm-none-eabi/5.4.1/armv6-m\libgcc.a(adddf3.o)
 .ARM.attributes
                0x000008b0       0x2c c:/program files (x86)/cypress/psoc creator/4.2/psoc creator/import/gnu/arm/5.4.1/bin/../lib/gcc/arm-none-eabi/5.4.1/armv6-m\libgcc.a(divdf3.o)
 .ARM.attributes
                0x000008dc       0x2c c:/program files (x86)/cypress/psoc creator/4.2/psoc creator/import/gnu/arm/5.4.1/bin/../lib/gcc/arm-none-eabi/5.4.1/armv6-m\libgcc.a(eqdf2.o)
 .ARM.attributes
                0x00000908       0x2c c:/program files (x86)/cypress/psoc creator/4.2/psoc creator/import/gnu/arm/5.4.1/bin/../lib/gcc/arm-none-eabi/5.4.1/armv6-m\libgcc.a(gedf2.o)
 .ARM.attributes
                0x00000934       0x2c c:/program files (x86)/cypress/psoc creator/4.2/psoc creator/import/gnu/arm/5.4.1/bin/../lib/gcc/arm-none-eabi/5.4.1/armv6-m\libgcc.a(ledf2.o)
 .ARM.attributes
                0x00000960       0x2c c:/program files (x86)/cypress/psoc creator/4.2/psoc creator/import/gnu/arm/5.4.1/bin/../lib/gcc/arm-none-eabi/5.4.1/armv6-m\libgcc.a(muldf3.o)
 .ARM.attributes
                0x0000098c       0x2c c:/program files (x86)/cypress/psoc creator/4.2/psoc creator/import/gnu/arm/5.4.1/bin/../lib/gcc/arm-none-eabi/5.4.1/armv6-m\libgcc.a(subdf3.o)
 .ARM.attributes
                0x000009b8       0x2c c:/program files (x86)/cypress/psoc creator/4.2/psoc creator/import/gnu/arm/5.4.1/bin/../lib/gcc/arm-none-eabi/5.4.1/armv6-m\libgcc.a(unorddf2.o)
 .ARM.attributes
                0x000009e4       0x2c c:/program files (x86)/cypress/psoc creator/4.2/psoc creator/import/gnu/arm/5.4.1/bin/../lib/gcc/arm-none-eabi/5.4.1/armv6-m\libgcc.a(fixdfsi.o)
 .ARM.attributes
                0x00000a10       0x2c c:/program files (x86)/cypress/psoc creator/4.2/psoc creator/import/gnu/arm/5.4.1/bin/../lib/gcc/arm-none-eabi/5.4.1/armv6-m\libgcc.a(floatsidf.o)
 .ARM.attributes
                0x00000a3c       0x2c c:/program files (x86)/cypress/psoc creator/4.2/psoc creator/import/gnu/arm/5.4.1/bin/../lib/gcc/arm-none-eabi/5.4.1/armv6-m\libgcc.a(floatunsidf.o)
 .ARM.attributes
                0x00000a68       0x1e c:/program files (x86)/cypress/psoc creator/4.2/psoc creator/import/gnu/arm/5.4.1/bin/../lib/gcc/arm-none-eabi/5.4.1/armv6-m\libgcc.a(_clzsi2.o)
 .ARM.attributes
                0x00000a86       0x2c c:/program files (x86)/cypress/psoc creator/4.2/psoc creator/import/gnu/arm/5.4.1/bin/../lib/gcc/arm-none-eabi/5.4.1/armv6-m/crtend.o
 .ARM.attributes
                0x00000ab2       0x1e c:/program files (x86)/cypress/psoc creator/4.2/psoc creator/import/gnu/arm/5.4.1/bin/../lib/gcc/arm-none-eabi/5.4.1/armv6-m/crtn.o

/DISCARD/
 *(.note.GNU-stack)
OUTPUT(\\myhome01.spu.edu\users\tdoan1\Documents\PSoC Creator\PSoC 4 Wi-Fi Module tEst\PSoC 4 Wi-Fi Module Test.cydsn\CortexM0\ARM_GCC_541\Debug\PSoC 4 Wi-Fi Module Test.elf elf32-littlearm)
